Archive member included to satisfy reference by file (symbol)

a:/cube/stm32cubeide_1.9.0/stm32cubeide/plugins/com.st.stm32cube.ide.mcu.externaltools.gnu-tools-for-stm32.10.3-2021.10.win32_1.0.0.202111181127/tools/bin/../lib/gcc/arm-none-eabi/10.3.1/../../../../arm-none-eabi/lib/thumb/v7e-m+fp/hard\libc_nano.a(lib_a-errno.o)
                              ./Core/Src/syscalls.o (__errno)
a:/cube/stm32cubeide_1.9.0/stm32cubeide/plugins/com.st.stm32cube.ide.mcu.externaltools.gnu-tools-for-stm32.10.3-2021.10.win32_1.0.0.202111181127/tools/bin/../lib/gcc/arm-none-eabi/10.3.1/../../../../arm-none-eabi/lib/thumb/v7e-m+fp/hard\libc_nano.a(lib_a-exit.o)
                              a:/cube/stm32cubeide_1.9.0/stm32cubeide/plugins/com.st.stm32cube.ide.mcu.externaltools.gnu-tools-for-stm32.10.3-2021.10.win32_1.0.0.202111181127/tools/bin/../lib/gcc/arm-none-eabi/10.3.1/../../../../arm-none-eabi/lib/thumb/v7e-m+fp/hard/crt0.o (exit)
a:/cube/stm32cubeide_1.9.0/stm32cubeide/plugins/com.st.stm32cube.ide.mcu.externaltools.gnu-tools-for-stm32.10.3-2021.10.win32_1.0.0.202111181127/tools/bin/../lib/gcc/arm-none-eabi/10.3.1/../../../../arm-none-eabi/lib/thumb/v7e-m+fp/hard\libc_nano.a(lib_a-impure.o)
                              a:/cube/stm32cubeide_1.9.0/stm32cubeide/plugins/com.st.stm32cube.ide.mcu.externaltools.gnu-tools-for-stm32.10.3-2021.10.win32_1.0.0.202111181127/tools/bin/../lib/gcc/arm-none-eabi/10.3.1/../../../../arm-none-eabi/lib/thumb/v7e-m+fp/hard\libc_nano.a(lib_a-exit.o) (_global_impure_ptr)
a:/cube/stm32cubeide_1.9.0/stm32cubeide/plugins/com.st.stm32cube.ide.mcu.externaltools.gnu-tools-for-stm32.10.3-2021.10.win32_1.0.0.202111181127/tools/bin/../lib/gcc/arm-none-eabi/10.3.1/../../../../arm-none-eabi/lib/thumb/v7e-m+fp/hard\libc_nano.a(lib_a-init.o)
                              a:/cube/stm32cubeide_1.9.0/stm32cubeide/plugins/com.st.stm32cube.ide.mcu.externaltools.gnu-tools-for-stm32.10.3-2021.10.win32_1.0.0.202111181127/tools/bin/../lib/gcc/arm-none-eabi/10.3.1/../../../../arm-none-eabi/lib/thumb/v7e-m+fp/hard/crt0.o (__libc_init_array)
a:/cube/stm32cubeide_1.9.0/stm32cubeide/plugins/com.st.stm32cube.ide.mcu.externaltools.gnu-tools-for-stm32.10.3-2021.10.win32_1.0.0.202111181127/tools/bin/../lib/gcc/arm-none-eabi/10.3.1/../../../../arm-none-eabi/lib/thumb/v7e-m+fp/hard\libc_nano.a(lib_a-malloc.o)
                              ./Core/Inc/GUI_Paint.o (malloc)
a:/cube/stm32cubeide_1.9.0/stm32cubeide/plugins/com.st.stm32cube.ide.mcu.externaltools.gnu-tools-for-stm32.10.3-2021.10.win32_1.0.0.202111181127/tools/bin/../lib/gcc/arm-none-eabi/10.3.1/../../../../arm-none-eabi/lib/thumb/v7e-m+fp/hard\libc_nano.a(lib_a-memcpy-stub.o)
                              ./Core/Inc/GUI_Paint.o (memcpy)
a:/cube/stm32cubeide_1.9.0/stm32cubeide/plugins/com.st.stm32cube.ide.mcu.externaltools.gnu-tools-for-stm32.10.3-2021.10.win32_1.0.0.202111181127/tools/bin/../lib/gcc/arm-none-eabi/10.3.1/../../../../arm-none-eabi/lib/thumb/v7e-m+fp/hard\libc_nano.a(lib_a-memset.o)
                              a:/cube/stm32cubeide_1.9.0/stm32cubeide/plugins/com.st.stm32cube.ide.mcu.externaltools.gnu-tools-for-stm32.10.3-2021.10.win32_1.0.0.202111181127/tools/bin/../lib/gcc/arm-none-eabi/10.3.1/../../../../arm-none-eabi/lib/thumb/v7e-m+fp/hard/crt0.o (memset)
a:/cube/stm32cubeide_1.9.0/stm32cubeide/plugins/com.st.stm32cube.ide.mcu.externaltools.gnu-tools-for-stm32.10.3-2021.10.win32_1.0.0.202111181127/tools/bin/../lib/gcc/arm-none-eabi/10.3.1/../../../../arm-none-eabi/lib/thumb/v7e-m+fp/hard\libc_nano.a(lib_a-nano-freer.o)
                              a:/cube/stm32cubeide_1.9.0/stm32cubeide/plugins/com.st.stm32cube.ide.mcu.externaltools.gnu-tools-for-stm32.10.3-2021.10.win32_1.0.0.202111181127/tools/bin/../lib/gcc/arm-none-eabi/10.3.1/../../../../arm-none-eabi/lib/thumb/v7e-m+fp/hard\libc_nano.a(lib_a-malloc.o) (_free_r)
a:/cube/stm32cubeide_1.9.0/stm32cubeide/plugins/com.st.stm32cube.ide.mcu.externaltools.gnu-tools-for-stm32.10.3-2021.10.win32_1.0.0.202111181127/tools/bin/../lib/gcc/arm-none-eabi/10.3.1/../../../../arm-none-eabi/lib/thumb/v7e-m+fp/hard\libc_nano.a(lib_a-nano-mallocr.o)
                              a:/cube/stm32cubeide_1.9.0/stm32cubeide/plugins/com.st.stm32cube.ide.mcu.externaltools.gnu-tools-for-stm32.10.3-2021.10.win32_1.0.0.202111181127/tools/bin/../lib/gcc/arm-none-eabi/10.3.1/../../../../arm-none-eabi/lib/thumb/v7e-m+fp/hard\libc_nano.a(lib_a-malloc.o) (_malloc_r)
a:/cube/stm32cubeide_1.9.0/stm32cubeide/plugins/com.st.stm32cube.ide.mcu.externaltools.gnu-tools-for-stm32.10.3-2021.10.win32_1.0.0.202111181127/tools/bin/../lib/gcc/arm-none-eabi/10.3.1/../../../../arm-none-eabi/lib/thumb/v7e-m+fp/hard\libc_nano.a(lib_a-nano-vfprintf_float.o)
                              (_printf_float)
[...]
Memory Configuration

Name             Origin             Length             Attributes
RAM              0x0000000020000000 0x0000000000008000 xrw
FLASH            0x0000000008000000 0x0000000000010000 xr
*default*        0x0000000000000000 0xffffffffffffffff

Linker script and memory map

LOAD a:/cube/stm32cubeide_1.9.0/stm32cubeide/plugins/com.st.stm32cube.ide.mcu.externaltools.gnu-tools-for-stm32.10.3-2021.10.win32_1.0.0.202111181127/tools/bin/../lib/gcc/arm-none-eabi/10.3.1/thumb/v7e-m+fp/hard/crti.o
LOAD a:/cube/stm32cubeide_1.9.0/stm32cubeide/plugins/com.st.stm32cube.ide.mcu.externaltools.gnu-tools-for-stm32.10.3-2021.10.win32_1.0.0.202111181127/tools/bin/../lib/gcc/arm-none-eabi/10.3.1/thumb/v7e-m+fp/hard/crtbegin.o
LOAD a:/cube/stm32cubeide_1.9.0/stm32cubeide/plugins/com.st.stm32cube.ide.mcu.externaltools.gnu-tools-for-stm32.10.3-2021.10.win32_1.0.0.202111181127/tools/bin/../lib/gcc/arm-none-eabi/10.3.1/../../../../arm-none-eabi/lib/thumb/v7e-m+fp/hard/crt0.o
LOAD ./Core/Inc/Control.o
LOAD ./Core/Inc/DEV_Config.o
LOAD ./Core/Inc/GUI_Paint.o
LOAD ./Core/Inc/LCD_1in8.o
LOAD ./Core/Inc/LCD_1inch8_test.o
LOAD ./Core/Inc/LCD_Routines.o
LOAD ./Core/Inc/PWM_Config.o
LOAD ./Core/Inc/SensorInterfacing.o
LOAD ./Core/Inc/image.o
LOAD ./Core/Inc/Fonts/font12.o
LOAD ./Core/Inc/Fonts/font12CN.o
LOAD ./Core/Inc/Fonts/font16.o
LOAD ./Core/Inc/Fonts/font20.o
LOAD ./Core/Inc/Fonts/font24.o
LOAD ./Core/Inc/Fonts/font24CN.o
LOAD ./Core/Inc/Fonts/font8.o
LOAD ./Core/Src/gpio.o
LOAD ./Core/Src/i2c.o
LOAD ./Core/Src/main.o
LOAD ./Core/Src/spi.o
LOAD ./Core/Src/stm32f4xx_hal_msp.o
LOAD ./Core/Src/stm32f4xx_it.o
LOAD ./Core/Src/syscalls.o
LOAD ./Core/Src/sysmem.o
LOAD ./Core/Src/system_stm32f4xx.o
LOAD ./Core/Src/tim.o
LOAD ./Core/Startup/startup_stm32f410r8tx.o
LOAD ./Drivers/STM32F4xx_HAL_Driver/Src/stm32f4xx_hal.o
LOAD ./Drivers/STM32F4xx_HAL_Driver/Src/stm32f4xx_hal_cortex.o
LOAD ./Drivers/STM32F4xx_HAL_Driver/Src/stm32f4xx_hal_dma.o
LOAD ./Drivers/STM32F4xx_HAL_Driver/Src/stm32f4xx_hal_dma_ex.o
LOAD ./Drivers/STM32F4xx_HAL_Driver/Src/stm32f4xx_hal_exti.o
LOAD ./Drivers/STM32F4xx_HAL_Driver/Src/stm32f4xx_hal_flash.o
LOAD ./Drivers/STM32F4xx_HAL_Driver/Src/stm32f4xx_hal_flash_ex.o
LOAD ./Drivers/STM32F4xx_HAL_Driver/Src/stm32f4xx_hal_flash_ramfunc.o
LOAD ./Drivers/STM32F4xx_HAL_Driver/Src/stm32f4xx_hal_gpio.o
LOAD ./Drivers/STM32F4xx_HAL_Driver/Src/stm32f4xx_hal_i2c.o
LOAD ./Drivers/STM32F4xx_HAL_Driver/Src/stm32f4xx_hal_i2c_ex.o
LOAD ./Drivers/STM32F4xx_HAL_Driver/Src/stm32f4xx_hal_pwr.o
LOAD ./Drivers/STM32F4xx_HAL_Driver/Src/stm32f4xx_hal_pwr_ex.o
LOAD ./Drivers/STM32F4xx_HAL_Driver/Src/stm32f4xx_hal_rcc.o
LOAD ./Drivers/STM32F4xx_HAL_Driver/Src/stm32f4xx_hal_rcc_ex.o
LOAD ./Drivers/STM32F4xx_HAL_Driver/Src/stm32f4xx_hal_spi.o
LOAD ./Drivers/STM32F4xx_HAL_Driver/Src/stm32f4xx_hal_tim.o
LOAD ./Drivers/STM32F4xx_HAL_Driver/Src/stm32f4xx_hal_tim_ex.o
START GROUP
LOAD a:/cube/stm32cubeide_1.9.0/stm32cubeide/plugins/com.st.stm32cube.ide.mcu.externaltools.gnu-tools-for-stm32.10.3-2021.10.win32_1.0.0.202111181127/tools/bin/../lib/gcc/arm-none-eabi/10.3.1/../../../../arm-none-eabi/lib/thumb/v7e-m+fp/hard\libc_nano.a
LOAD a:/cube/stm32cubeide_1.9.0/stm32cubeide/plugins/com.st.stm32cube.ide.mcu.externaltools.gnu-tools-for-stm32.10.3-2021.10.win32_1.0.0.202111181127/tools/bin/../lib/gcc/arm-none-eabi/10.3.1/../../../../arm-none-eabi/lib/thumb/v7e-m+fp/hard\libm.a
END GROUP
START GROUP
LOAD a:/cube/stm32cubeide_1.9.0/stm32cubeide/plugins/com.st.stm32cube.ide.mcu.externaltools.gnu-tools-for-stm32.10.3-2021.10.win32_1.0.0.202111181127/tools/bin/../lib/gcc/arm-none-eabi/10.3.1/thumb/v7e-m+fp/hard\libgcc.a
LOAD a:/cube/stm32cubeide_1.9.0/stm32cubeide/plugins/com.st.stm32cube.ide.mcu.externaltools.gnu-tools-for-stm32.10.3-2021.10.win32_1.0.0.202111181127/tools/bin/../lib/gcc/arm-none-eabi/10.3.1/../../../../arm-none-eabi/lib/thumb/v7e-m+fp/hard\libc_nano.a
END GROUP
START GROUP
LOAD a:/cube/stm32cubeide_1.9.0/stm32cubeide/plugins/com.st.stm32cube.ide.mcu.externaltools.gnu-tools-for-stm32.10.3-2021.10.win32_1.0.0.202111181127/tools/bin/../lib/gcc/arm-none-eabi/10.3.1/thumb/v7e-m+fp/hard\libgcc.a
LOAD a:/cube/stm32cubeide_1.9.0/stm32cubeide/plugins/com.st.stm32cube.ide.mcu.externaltools.gnu-tools-for-stm32.10.3-2021.10.win32_1.0.0.202111181127/tools/bin/../lib/gcc/arm-none-eabi/10.3.1/../../../../arm-none-eabi/lib/thumb/v7e-m+fp/hard\libc_nano.a
LOAD a:/cube/stm32cubeide_1.9.0/stm32cubeide/plugins/com.st.stm32cube.ide.mcu.externaltools.gnu-tools-for-stm32.10.3-2021.10.win32_1.0.0.202111181127/tools/bin/../lib/gcc/arm-none-eabi/10.3.1/../../../../arm-none-eabi/lib/thumb/v7e-m+fp/hard\libnosys.a
END GROUP
START GROUP
LOAD a:/cube/stm32cubeide_1.9.0/stm32cubeide/plugins/com.st.stm32cube.ide.mcu.externaltools.gnu-tools-for-stm32.10.3-2021.10.win32_1.0.0.202111181127/tools/bin/../lib/gcc/arm-none-eabi/10.3.1/thumb/v7e-m+fp/hard\libgcc.a
LOAD a:/cube/stm32cubeide_1.9.0/stm32cubeide/plugins/com.st.stm32cube.ide.mcu.externaltools.gnu-tools-for-stm32.10.3-2021.10.win32_1.0.0.202111181127/tools/bin/../lib/gcc/arm-none-eabi/10.3.1/../../../../arm-none-eabi/lib/thumb/v7e-m+fp/hard\libc_nano.a
LOAD a:/cube/stm32cubeide_1.9.0/stm32cubeide/plugins/com.st.stm32cube.ide.mcu.externaltools.gnu-tools-for-stm32.10.3-2021.10.win32_1.0.0.202111181127/tools/bin/../lib/gcc/arm-none-eabi/10.3.1/../../../../arm-none-eabi/lib/thumb/v7e-m+fp/hard\libnosys.a
END GROUP
LOAD a:/cube/stm32cubeide_1.9.0/stm32cubeide/plugins/com.st.stm32cube.ide.mcu.externaltools.gnu-tools-for-stm32.10.3-2021.10.win32_1.0.0.202111181127/tools/bin/../lib/gcc/arm-none-eabi/10.3.1/thumb/v7e-m+fp/hard/crtend.o
LOAD a:/cube/stm32cubeide_1.9.0/stm32cubeide/plugins/com.st.stm32cube.ide.mcu.externaltools.gnu-tools-for-stm32.10.3-2021.10.win32_1.0.0.202111181127/tools/bin/../lib/gcc/arm-none-eabi/10.3.1/thumb/v7e-m+fp/hard/crtn.o
                0x0000000020008000                _estack = (ORIGIN (RAM) + LENGTH (RAM))
                0x0000000000000200                _Min_Heap_Size = 0x200
                0x0000000000000400                _Min_Stack_Size = 0x400

.isr_vector     0x0000000008000000      0x1c8
                0x0000000008000000                . = ALIGN (0x4)
 *(.isr_vector)
 .isr_vector    0x0000000008000000      0x1c8 ./Core/Startup/startup_stm32f410r8tx.o
                0x0000000008000000                g_pfnVectors
                0x00000000080001c8                . = ALIGN (0x4)

.text           0x00000000080001d0     0xa2fc
                0x00000000080001d0                . = ALIGN (0x4)
 *(.text)
 .text          0x00000000080001d0       0x40 a:/cube/stm32cubeide_1.9.0/stm32cubeide/plugins/com.st.stm32cube.ide.mcu.externaltools.gnu-tools-for-stm32.10.3-2021.10.win32_1.0.0.202111181127/tools/bin/../lib/gcc/arm-none-eabi/10.3.1/thumb/v7e-m+fp/hard/crtbegin.o
 .text          0x0000000008000210       0x10 a:/cube/stm32cubeide_1.9.0/stm32cubeide/plugins/com.st.stm32cube.ide.mcu.externaltools.gnu-tools-for-stm32.10.3-2021.10.win32_1.0.0.202111181127/tools/bin/../lib/gcc/arm-none-eabi/10.3.1/../../../../arm-none-eabi/lib/thumb/v7e-m+fp/hard\libc_nano.a(lib_a-strlen.o)
                0x0000000008000210                strlen
 .text          0x0000000008000220       0xa0 a:/cube/stm32cubeide_1.9.0/stm32cubeide/plugins/com.st.stm32cube.ide.mcu.externaltools.gnu-tools-for-stm32.10.3-2021.10.win32_1.0.0.202111181127/tools/bin/../lib/gcc/arm-none-eabi/10.3.1/../../../../arm-none-eabi/lib/thumb/v7e-m+fp/hard\libc_nano.a(lib_a-memchr.o)
                0x0000000008000220                memchr
 .text          0x00000000080002c0      0x378 a:/cube/stm32cubeide_1.9.0/stm32cubeide/plugins/com.st.stm32cube.ide.mcu.externaltools.gnu-tools-for-stm32.10.3-2021.10.win32_1.0.0.202111181127/tools/bin/../lib/gcc/arm-none-eabi/10.3.1/thumb/v7e-m+fp/hard\libgcc.a(_arm_addsubdf3.o)
                0x00000000080002c0                __aeabi_drsub
                0x00000000080002c8                __aeabi_dsub
                0x00000000080002c8                __subdf3
                0x00000000080002cc                __aeabi_dadd
                0x00000000080002cc                __adddf3
                0x0000000008000544                __floatunsidf
                0x0000000008000544                __aeabi_ui2d
                0x0000000008000564                __floatsidf
                0x0000000008000564                __aeabi_i2d
                0x0000000008000588                __aeabi_f2d
                0x0000000008000588                __extendsfdf2
                0x00000000080005cc                __floatundidf
                0x00000000080005cc                __aeabi_ul2d
                0x00000000080005dc                __floatdidf
                0x00000000080005dc                __aeabi_l2d
 .text          0x0000000008000638      0x424 a:/cube/stm32cubeide_1.9.0/stm32cubeide/plugins/com.st.stm32cube.ide.mcu.externaltools.gnu-tools-for-stm32.10.3-2021.10.win32_1.0.0.202111181127/tools/bin/../lib/gcc/arm-none-eabi/10.3.1/thumb/v7e-m+fp/hard\libgcc.a(_arm_muldivdf3.o)
                0x0000000008000638                __aeabi_dmul
                0x0000000008000638                __muldf3
                0x000000000800088c                __divdf3
                0x000000000800088c                __aeabi_ddiv
 .text          0x0000000008000a5c      0x110 a:/cube/stm32cubeide_1.9.0/stm32cubeide/plugins/com.st.stm32cube.ide.mcu.externaltools.gnu-tools-for-stm32.10.3-2021.10.win32_1.0.0.202111181127/tools/bin/../lib/gcc/arm-none-eabi/10.3.1/thumb/v7e-m+fp/hard\libgcc.a(_arm_cmpdf2.o)
                0x0000000008000a5c                __gtdf2
                0x0000000008000a5c                __gedf2
                0x0000000008000a64                __ltdf2
                0x0000000008000a64                __ledf2
                0x0000000008000a6c                __nedf2
                0x0000000008000a6c                __eqdf2
                0x0000000008000a6c                __cmpdf2
                0x0000000008000ae8                __aeabi_cdrcmple
                0x0000000008000af8                __aeabi_cdcmpeq
                0x0000000008000af8                __aeabi_cdcmple
                0x0000000008000b08                __aeabi_dcmpeq
                0x0000000008000b1c                __aeabi_dcmplt
                0x0000000008000b30                __aeabi_dcmple
                0x0000000008000b44                __aeabi_dcmpge
                0x0000000008000b58                __aeabi_dcmpgt
 .text          0x0000000008000b6c       0x2c a:/cube/stm32cubeide_1.9.0/stm32cubeide/plugins/com.st.stm32cube.ide.mcu.externaltools.gnu-tools-for-stm32.10.3-2021.10.win32_1.0.0.202111181127/tools/bin/../lib/gcc/arm-none-eabi/10.3.1/thumb/v7e-m+fp/hard\libgcc.a(_arm_unorddf2.o)
                0x0000000008000b6c                __unorddf2
                0x0000000008000b6c                __aeabi_dcmpun
 .text          0x0000000008000b98       0x50 a:/cube/stm32cubeide_1.9.0/stm32cubeide/plugins/com.st.stm32cube.ide.mcu.externaltools.gnu-tools-for-stm32.10.3-2021.10.win32_1.0.0.202111181127/tools/bin/../lib/gcc/arm-none-eabi/10.3.1/thumb/v7e-m+fp/hard\libgcc.a(_arm_fixdfsi.o)
                0x0000000008000b98                __aeabi_d2iz
                0x0000000008000b98                __fixdfsi
 .text          0x0000000008000be8       0xa0 a:/cube/stm32cubeide_1.9.0/stm32cubeide/plugins/com.st.stm32cube.ide.mcu.externaltools.gnu-tools-for-stm32.10.3-2021.10.win32_1.0.0.202111181127/tools/bin/../lib/gcc/arm-none-eabi/10.3.1/thumb/v7e-m+fp/hard\libgcc.a(_arm_truncdfsf2.o)
                0x0000000008000be8                __truncdfsf2
                0x0000000008000be8                __aeabi_d2f
 .text          0x0000000008000c88       0x30 a:/cube/stm32cubeide_1.9.0/stm32cubeide/plugins/com.st.stm32cube.ide.mcu.externaltools.gnu-tools-for-stm32.10.3-2021.10.win32_1.0.0.202111181127/tools/bin/../lib/gcc/arm-none-eabi/10.3.1/thumb/v7e-m+fp/hard\libgcc.a(_aeabi_uldivmod.o)
                0x0000000008000c88                __aeabi_uldivmod
 .text          0x0000000008000cb8      0x2d0 a:/cube/stm32cubeide_1.9.0/stm32cubeide/plugins/com.st.stm32cube.ide.mcu.externaltools.gnu-tools-for-stm32.10.3-2021.10.win32_1.0.0.202111181127/tools/bin/../lib/gcc/arm-none-eabi/10.3.1/thumb/v7e-m+fp/hard\libgcc.a(_udivmoddi4.o)
                0x0000000008000cb8                __udivmoddi4
 .text          0x0000000008000f88        0x4 a:/cube/stm32cubeide_1.9.0/stm32cubeide/plugins/com.st.stm32cube.ide.mcu.externaltools.gnu-tools-for-stm32.10.3-2021.10.win32_1.0.0.202111181127/tools/bin/../lib/gcc/arm-none-eabi/10.3.1/thumb/v7e-m+fp/hard\libgcc.a(_dvmd_tls.o)
                0x0000000008000f88                __aeabi_idiv0
                0x0000000008000f88                __aeabi_ldiv0
 *(.text*)
 .text.Controller_Init
                0x0000000008000f8c       0x34 ./Core/Inc/Control.o
                0x0000000008000f8c                Controller_Init
 .text.Controller_Update
                0x0000000008000fc0      0x11e ./Core/Inc/Control.o
                0x0000000008000fc0                Controller_Update
 *fill*         0x00000000080010de        0x2 
 .text.DEV_SPI_WRite
                0x00000000080010e0       0x24 ./Core/Inc/DEV_Config.o
                0x00000000080010e0                DEV_SPI_WRite
 .text.DEV_Module_Init
                0x0000000008001104       0x2c ./Core/Inc/DEV_Config.o
                0x0000000008001104                DEV_Module_Init
 .text.Paint_NewImage
                0x0000000008001130       0x98 ./Core/Inc/GUI_Paint.o
                0x0000000008001130                Paint_NewImage
 .text.Paint_SetClearFuntion
                0x00000000080011c8       0x20 ./Core/Inc/GUI_Paint.o
                0x00000000080011c8                Paint_SetClearFuntion
 .text.Paint_SetDisplayFuntion
                0x00000000080011e8       0x20 ./Core/Inc/GUI_Paint.o
                0x00000000080011e8                Paint_SetDisplayFuntion
 .text.Paint_SetPixel
                0x0000000008001208      0x158 ./Core/Inc/GUI_Paint.o
                0x0000000008001208                Paint_SetPixel
 .text.Paint_ClearWindows
                0x0000000008001360       0x5c ./Core/Inc/GUI_Paint.o
                0x0000000008001360                Paint_ClearWindows
 .text.Paint_DrawPoint
                0x00000000080013bc      0x130 ./Core/Inc/GUI_Paint.o
                0x00000000080013bc                Paint_DrawPoint
 .text.Paint_DrawLine
                0x00000000080014ec      0x15c ./Core/Inc/GUI_Paint.o
                0x00000000080014ec                Paint_DrawLine
 .text.Paint_DrawChar
                0x0000000008001648      0x154 ./Core/Inc/GUI_Paint.o
                0x0000000008001648                Paint_DrawChar
 .text.Paint_DrawString_EN
                0x000000000800179c       0xac ./Core/Inc/GUI_Paint.o
                0x000000000800179c                Paint_DrawString_EN
 .text.LCD_1IN8_Reset
                0x0000000008001848       0x3c ./Core/Inc/LCD_1in8.o
 .text.LCD_1IN8_WriteReg
                0x0000000008001884       0x34 ./Core/Inc/LCD_1in8.o
 .text.LCD_1IN8_WriteData_8Bit
                0x00000000080018b8       0x3c ./Core/Inc/LCD_1in8.o
 .text.LCD_1IN8_WriteData_NLen16Bit
                0x00000000080018f4       0x50 ./Core/Inc/LCD_1in8.o
 .text.LCD_1IN8_InitReg
                0x0000000008001944      0x1c4 ./Core/Inc/LCD_1in8.o
 .text.LCD_1IN8_SetGramScanWay
                0x0000000008001b08       0xe0 ./Core/Inc/LCD_1in8.o
                0x0000000008001b08                LCD_1IN8_SetGramScanWay
 .text.LCD_1IN8_Init
                0x0000000008001be8       0x3a ./Core/Inc/LCD_1in8.o
                0x0000000008001be8                LCD_1IN8_Init
 *fill*         0x0000000008001c22        0x2 
 .text.LCD_1IN8_SetWindows
                0x0000000008001c24       0xac ./Core/Inc/LCD_1in8.o
                0x0000000008001c24                LCD_1IN8_SetWindows
 .text.LCD_1IN8_SetCursor
                0x0000000008001cd0       0x24 ./Core/Inc/LCD_1in8.o
                0x0000000008001cd0                LCD_1IN8_SetCursor
 .text.LCD_1IN8_SetColor
                0x0000000008001cf4       0x2c ./Core/Inc/LCD_1in8.o
                0x0000000008001cf4                LCD_1IN8_SetColor
 .text.LCD_1IN8_DrawPaint
                0x0000000008001d20       0x4c ./Core/Inc/LCD_1in8.o
                0x0000000008001d20                LCD_1IN8_DrawPaint
 .text.LCD_1IN8_Clear
                0x0000000008001d6c       0x6c ./Core/Inc/LCD_1in8.o
                0x0000000008001d6c                LCD_1IN8_Clear
 .text.LCD_updt_temps
                0x0000000008001dd8       0x2c ./Core/Inc/LCD_Routines.o
                0x0000000008001dd8                LCD_updt_temps
 .text.LCD_usr_inputs
                0x0000000008001e04       0x40 ./Core/Inc/LCD_Routines.o
                0x0000000008001e04                LCD_usr_inputs
 .text.LCD_init
                0x0000000008001e44       0x80 ./Core/Inc/LCD_Routines.o
                0x0000000008001e44                LCD_init
 .text.LCD_Format
                0x0000000008001ec4       0xd0 ./Core/Inc/LCD_Routines.o
                0x0000000008001ec4                LCD_Format
 .text.LCD_Refresh
                0x0000000008001f94      0x288 ./Core/Inc/LCD_Routines.o
                0x0000000008001f94                LCD_Refresh
 .text.LCD_Clear_Plot
                0x000000000800221c       0xb8 ./Core/Inc/LCD_Routines.o
                0x000000000800221c                LCD_Clear_Plot
 .text.LCD_Set_State
                0x00000000080022d4      0x4b0 ./Core/Inc/LCD_Routines.o
                0x00000000080022d4                LCD_Set_State
 .text.PWM_Update
                0x0000000008002784       0x9e ./Core/Inc/PWM_Config.o
                0x0000000008002784                PWM_Update
 *fill*         0x0000000008002822        0x2 
 .text.MX_GPIO_Init
                0x0000000008002824      0x168 ./Core/Src/gpio.o
                0x0000000008002824                MX_GPIO_Init
 .text.MX_I2C1_Init
                0x000000000800298c       0x5c ./Core/Src/i2c.o
                0x000000000800298c                MX_I2C1_Init
 .text.HAL_I2C_MspInit
                0x00000000080029e8       0x90 ./Core/Src/i2c.o
                0x00000000080029e8                HAL_I2C_MspInit
 .text.read_ambient_temp
                0x0000000008002a78       0x7c ./Core/Src/i2c.o
                0x0000000008002a78                read_ambient_temp
 *fill*         0x0000000008002af4        0x4 
 .text.read_plate_temp
                0x0000000008002af8       0xa4 ./Core/Src/i2c.o
                0x0000000008002af8                read_plate_temp
 .text.System_Initialization
                0x0000000008002b9c       0x6c ./Core/Src/main.o
                0x0000000008002b9c                System_Initialization
 .text.update_temps
                0x0000000008002c08       0x2c ./Core/Src/main.o
                0x0000000008002c08                update_temps
 .text.main     0x0000000008002c34      0x228 ./Core/Src/main.o
                0x0000000008002c34                main
 .text.SystemClock_Config
                0x0000000008002e5c       0xd8 ./Core/Src/main.o
                0x0000000008002e5c                SystemClock_Config
 .text.Error_Handler
                0x0000000008002f34        0xa ./Core/Src/main.o
                0x0000000008002f34                Error_Handler
 *fill*         0x0000000008002f3e        0x2 
 .text.MX_SPI1_Init
                0x0000000008002f40       0x6c ./Core/Src/spi.o
                0x0000000008002f40                MX_SPI1_Init
 .text.HAL_SPI_MspInit
                0x0000000008002fac       0x90 ./Core/Src/spi.o
                0x0000000008002fac                HAL_SPI_MspInit
 .text.HAL_MspInit
                0x000000000800303c       0x50 ./Core/Src/stm32f4xx_hal_msp.o
                0x000000000800303c                HAL_MspInit
 .text.start_preheat
                0x000000000800308c       0x38 ./Core/Src/stm32f4xx_it.o
                0x000000000800308c                start_preheat
 .text.start_reflow
                0x00000000080030c4       0x38 ./Core/Src/stm32f4xx_it.o
                0x00000000080030c4                start_reflow
 .text.preheat_status
                0x00000000080030fc       0x18 ./Core/Src/stm32f4xx_it.o
                0x00000000080030fc                preheat_status
 .text.reflow_status
                0x0000000008003114       0x18 ./Core/Src/stm32f4xx_it.o
                0x0000000008003114                reflow_status
 .text.NMI_Handler
                0x000000000800312c        0x6 ./Core/Src/stm32f4xx_it.o
                0x000000000800312c                NMI_Handler
 .text.HardFault_Handler
                0x0000000008003132        0x6 ./Core/Src/stm32f4xx_it.o
                0x0000000008003132                HardFault_Handler
 .text.MemManage_Handler
                0x0000000008003138        0x6 ./Core/Src/stm32f4xx_it.o
                0x0000000008003138                MemManage_Handler
 .text.BusFault_Handler
                0x000000000800313e        0x6 ./Core/Src/stm32f4xx_it.o
                0x000000000800313e                BusFault_Handler
 .text.UsageFault_Handler
                0x0000000008003144        0x6 ./Core/Src/stm32f4xx_it.o
                0x0000000008003144                UsageFault_Handler
 .text.SVC_Handler
                0x000000000800314a        0xe ./Core/Src/stm32f4xx_it.o
                0x000000000800314a                SVC_Handler
 .text.DebugMon_Handler
                0x0000000008003158        0xe ./Core/Src/stm32f4xx_it.o
                0x0000000008003158                DebugMon_Handler
 .text.PendSV_Handler
                0x0000000008003166        0xe ./Core/Src/stm32f4xx_it.o
                0x0000000008003166                PendSV_Handler
 .text.SysTick_Handler
                0x0000000008003174        0xc ./Core/Src/stm32f4xx_it.o
                0x0000000008003174                SysTick_Handler
 .text.TIM1_BRK_TIM9_IRQHandler
                0x0000000008003180       0x1c ./Core/Src/stm32f4xx_it.o
                0x0000000008003180                TIM1_BRK_TIM9_IRQHandler
 .text.EXTI15_10_IRQHandler
                0x000000000800319c      0x1d0 ./Core/Src/stm32f4xx_it.o
                0x000000000800319c                EXTI15_10_IRQHandler
 .text.TIM5_IRQHandler
                0x000000000800336c       0xcc ./Core/Src/stm32f4xx_it.o
                0x000000000800336c                TIM5_IRQHandler
 .text._getpid  0x0000000008003438       0x10 ./Core/Src/syscalls.o
                0x0000000008003438                _getpid
 .text._kill    0x0000000008003448       0x20 ./Core/Src/syscalls.o
                0x0000000008003448                _kill
 .text._exit    0x0000000008003468       0x14 ./Core/Src/syscalls.o
                0x0000000008003468                _exit
 .text._read    0x000000000800347c       0x3a ./Core/Src/syscalls.o
                0x000000000800347c                _read
 .text._write   0x00000000080034b6       0x38 ./Core/Src/syscalls.o
                0x00000000080034b6                _write
 .text._close   0x00000000080034ee       0x18 ./Core/Src/syscalls.o
                0x00000000080034ee                _close
 .text._fstat   0x0000000008003506       0x20 ./Core/Src/syscalls.o
                0x0000000008003506                _fstat
 .text._isatty  0x0000000008003526       0x16 ./Core/Src/syscalls.o
                0x0000000008003526                _isatty
 .text._lseek   0x000000000800353c       0x1a ./Core/Src/syscalls.o
                0x000000000800353c                _lseek
 *fill*         0x0000000008003556        0x2 
 .text._sbrk    0x0000000008003558       0x6c ./Core/Src/sysmem.o
                0x0000000008003558                _sbrk
 .text.SystemInit
                0x00000000080035c4       0x24 ./Core/Src/system_stm32f4xx.o
                0x00000000080035c4                SystemInit
 .text.MX_TIM1_Init
                0x00000000080035e8      0x108 ./Core/Src/tim.o
                0x00000000080035e8                MX_TIM1_Init
 .text.MX_TIM5_Init
                0x00000000080036f0       0xb0 ./Core/Src/tim.o
                0x00000000080036f0                MX_TIM5_Init
 .text.MX_TIM6_Init
                0x00000000080037a0       0x6c ./Core/Src/tim.o
                0x00000000080037a0                MX_TIM6_Init
 .text.MX_TIM9_Init
                0x000000000800380c       0xbc ./Core/Src/tim.o
                0x000000000800380c                MX_TIM9_Init
 .text.MX_TIM11_Init
                0x00000000080038c8       0x9c ./Core/Src/tim.o
                0x00000000080038c8                MX_TIM11_Init
 .text.HAL_TIM_PWM_MspInit
                0x0000000008003964       0x8c ./Core/Src/tim.o
                0x0000000008003964                HAL_TIM_PWM_MspInit
 .text.HAL_TIM_OC_MspInit
                0x00000000080039f0       0x50 ./Core/Src/tim.o
                0x00000000080039f0                HAL_TIM_OC_MspInit
 .text.HAL_TIM_Base_MspInit
                0x0000000008003a40       0x70 ./Core/Src/tim.o
                0x0000000008003a40                HAL_TIM_Base_MspInit
 .text.HAL_TIM_MspPostInit
                0x0000000008003ab0      0x114 ./Core/Src/tim.o
                0x0000000008003ab0                HAL_TIM_MspPostInit
 .text.Reset_Handler
                0x0000000008003bc4       0x50 ./Core/Startup/startup_stm32f410r8tx.o
                0x0000000008003bc4                Reset_Handler
 .text.Default_Handler
                0x0000000008003c14        0x2 ./Core/Startup/startup_stm32f410r8tx.o
                0x0000000008003c14                RTC_Alarm_IRQHandler
                0x0000000008003c14                EXTI2_IRQHandler
                0x0000000008003c14                FMPI2C1_EV_IRQHandler
                0x0000000008003c14                TIM1_CC_IRQHandler
                0x0000000008003c14                DMA2_Stream5_IRQHandler
                0x0000000008003c14                DMA1_Stream5_IRQHandler
                0x0000000008003c14                PVD_IRQHandler
                0x0000000008003c14                TAMP_STAMP_IRQHandler
                0x0000000008003c14                EXTI3_IRQHandler
                0x0000000008003c14                EXTI0_IRQHandler
                0x0000000008003c14                I2C2_EV_IRQHandler
                0x0000000008003c14                DMA1_Stream2_IRQHandler
                0x0000000008003c14                FPU_IRQHandler
                0x0000000008003c14                DMA2_Stream2_IRQHandler
                0x0000000008003c14                SPI1_IRQHandler
                0x0000000008003c14                TIM6_DAC_IRQHandler
                0x0000000008003c14                DMA2_Stream3_IRQHandler
                0x0000000008003c14                USART6_IRQHandler
                0x0000000008003c14                DMA2_Stream0_IRQHandler
                0x0000000008003c14                I2C1_EV_IRQHandler
                0x0000000008003c14                DMA1_Stream6_IRQHandler
                0x0000000008003c14                DMA1_Stream1_IRQHandler
                0x0000000008003c14                RCC_IRQHandler
                0x0000000008003c14                Default_Handler
                0x0000000008003c14                ADC_IRQHandler
                0x0000000008003c14                DMA1_Stream7_IRQHandler
                0x0000000008003c14                SPI5_IRQHandler
                0x0000000008003c14                DMA2_Stream7_IRQHandler
                0x0000000008003c14                EXTI9_5_IRQHandler
                0x0000000008003c14                RTC_WKUP_IRQHandler
                0x0000000008003c14                SPI2_IRQHandler
                0x0000000008003c14                DMA1_Stream0_IRQHandler
                0x0000000008003c14                FMPI2C1_ER_IRQHandler
                0x0000000008003c14                EXTI4_IRQHandler
                0x0000000008003c14                RNG_IRQHandler
                0x0000000008003c14                TIM1_UP_IRQHandler
                0x0000000008003c14                WWDG_IRQHandler
                0x0000000008003c14                TIM1_TRG_COM_TIM11_IRQHandler
                0x0000000008003c14                EXTI1_IRQHandler
                0x0000000008003c14                USART2_IRQHandler
                0x0000000008003c14                I2C2_ER_IRQHandler
                0x0000000008003c14                DMA2_Stream1_IRQHandler
                0x0000000008003c14                FLASH_IRQHandler
                0x0000000008003c14                DMA2_Stream4_IRQHandler
                0x0000000008003c14                USART1_IRQHandler
                0x0000000008003c14                DMA1_Stream4_IRQHandler
                0x0000000008003c14                I2C1_ER_IRQHandler
                0x0000000008003c14                LPTIM1_IRQHandler
                0x0000000008003c14                DMA2_Stream6_IRQHandler
                0x0000000008003c14                DMA1_Stream3_IRQHandler
 *fill*         0x0000000008003c16        0x2 
 .text.HAL_Init
                0x0000000008003c18       0x44 ./Drivers/STM32F4xx_HAL_Driver/Src/stm32f4xx_hal.o
                0x0000000008003c18                HAL_Init
 .text.HAL_InitTick
                0x0000000008003c5c       0x60 ./Drivers/STM32F4xx_HAL_Driver/Src/stm32f4xx_hal.o
                0x0000000008003c5c                HAL_InitTick
 .text.HAL_IncTick
                0x0000000008003cbc       0x28 ./Drivers/STM32F4xx_HAL_Driver/Src/stm32f4xx_hal.o
                0x0000000008003cbc                HAL_IncTick
 .text.HAL_GetTick
                0x0000000008003ce4       0x18 ./Drivers/STM32F4xx_HAL_Driver/Src/stm32f4xx_hal.o
                0x0000000008003ce4                HAL_GetTick
 .text.HAL_Delay
                0x0000000008003cfc       0x48 ./Drivers/STM32F4xx_HAL_Driver/Src/stm32f4xx_hal.o
                0x0000000008003cfc                HAL_Delay
 .text.__NVIC_SetPriorityGrouping
                0x0000000008003d44       0x48 ./Drivers/STM32F4xx_HAL_Driver/Src/stm32f4xx_hal_cortex.o
 .text.__NVIC_GetPriorityGrouping
                0x0000000008003d8c       0x1c ./Drivers/STM32F4xx_HAL_Driver/Src/stm32f4xx_hal_cortex.o
 .text.__NVIC_EnableIRQ
                0x0000000008003da8       0x3c ./Drivers/STM32F4xx_HAL_Driver/Src/stm32f4xx_hal_cortex.o
 .text.__NVIC_SetPriority
                0x0000000008003de4       0x54 ./Drivers/STM32F4xx_HAL_Driver/Src/stm32f4xx_hal_cortex.o
 .text.NVIC_EncodePriority
                0x0000000008003e38       0x66 ./Drivers/STM32F4xx_HAL_Driver/Src/stm32f4xx_hal_cortex.o
 *fill*         0x0000000008003e9e        0x2 
 .text.SysTick_Config
                0x0000000008003ea0       0x44 ./Drivers/STM32F4xx_HAL_Driver/Src/stm32f4xx_hal_cortex.o
 .text.HAL_NVIC_SetPriorityGrouping
                0x0000000008003ee4       0x16 ./Drivers/STM32F4xx_HAL_Driver/Src/stm32f4xx_hal_cortex.o
                0x0000000008003ee4                HAL_NVIC_SetPriorityGrouping
 .text.HAL_NVIC_SetPriority
                0x0000000008003efa       0x38 ./Drivers/STM32F4xx_HAL_Driver/Src/stm32f4xx_hal_cortex.o
                0x0000000008003efa                HAL_NVIC_SetPriority
 .text.HAL_NVIC_EnableIRQ
                0x0000000008003f32       0x1c ./Drivers/STM32F4xx_HAL_Driver/Src/stm32f4xx_hal_cortex.o
                0x0000000008003f32                HAL_NVIC_EnableIRQ
 .text.HAL_SYSTICK_Config
                0x0000000008003f4e       0x18 ./Drivers/STM32F4xx_HAL_Driver/Src/stm32f4xx_hal_cortex.o
                0x0000000008003f4e                HAL_SYSTICK_Config
 *fill*         0x0000000008003f66        0x2 
 .text.HAL_GPIO_Init
                0x0000000008003f68      0x2e8 ./Drivers/STM32F4xx_HAL_Driver/Src/stm32f4xx_hal_gpio.o
                0x0000000008003f68                HAL_GPIO_Init
 .text.HAL_GPIO_ReadPin
                0x0000000008004250       0x30 ./Drivers/STM32F4xx_HAL_Driver/Src/stm32f4xx_hal_gpio.o
                0x0000000008004250                HAL_GPIO_ReadPin
 .text.HAL_GPIO_WritePin
                0x0000000008004280       0x32 ./Drivers/STM32F4xx_HAL_Driver/Src/stm32f4xx_hal_gpio.o
                0x0000000008004280                HAL_GPIO_WritePin
 .text.HAL_GPIO_TogglePin
                0x00000000080042b2       0x34 ./Drivers/STM32F4xx_HAL_Driver/Src/stm32f4xx_hal_gpio.o
                0x00000000080042b2                HAL_GPIO_TogglePin
 *fill*         0x00000000080042e6        0x2 
 .text.HAL_GPIO_EXTI_IRQHandler
                0x00000000080042e8       0x30 ./Drivers/STM32F4xx_HAL_Driver/Src/stm32f4xx_hal_gpio.o
                0x00000000080042e8                HAL_GPIO_EXTI_IRQHandler
 .text.HAL_GPIO_EXTI_Callback
                0x0000000008004318       0x16 ./Drivers/STM32F4xx_HAL_Driver/Src/stm32f4xx_hal_gpio.o
                0x0000000008004318                HAL_GPIO_EXTI_Callback
 *fill*         0x000000000800432e        0x2 
 .text.HAL_I2C_Init
                0x0000000008004330      0x288 ./Drivers/STM32F4xx_HAL_Driver/Src/stm32f4xx_hal_i2c.o
                0x0000000008004330                HAL_I2C_Init
 .text.HAL_I2C_Master_Transmit
                0x00000000080045b8      0x1fc ./Drivers/STM32F4xx_HAL_Driver/Src/stm32f4xx_hal_i2c.o
                0x00000000080045b8                HAL_I2C_Master_Transmit
 .text.HAL_I2C_Master_Receive
                0x00000000080047b4      0x44c ./Drivers/STM32F4xx_HAL_Driver/Src/stm32f4xx_hal_i2c.o
                0x00000000080047b4                HAL_I2C_Master_Receive
 .text.HAL_I2C_Mem_Read
                0x0000000008004c00      0x44c ./Drivers/STM32F4xx_HAL_Driver/Src/stm32f4xx_hal_i2c.o
                0x0000000008004c00                HAL_I2C_Mem_Read
 .text.I2C_MasterRequestWrite
                0x000000000800504c      0x104 ./Drivers/STM32F4xx_HAL_Driver/Src/stm32f4xx_hal_i2c.o
 .text.I2C_MasterRequestRead
                0x0000000008005150      0x19c ./Drivers/STM32F4xx_HAL_Driver/Src/stm32f4xx_hal_i2c.o
 .text.I2C_RequestMemoryRead
                0x00000000080052ec      0x1d0 ./Drivers/STM32F4xx_HAL_Driver/Src/stm32f4xx_hal_i2c.o
 .text.I2C_WaitOnFlagUntilTimeout
                0x00000000080054bc       0xae ./Drivers/STM32F4xx_HAL_Driver/Src/stm32f4xx_hal_i2c.o
 .text.I2C_WaitOnMasterAddressFlagUntilTimeout
                0x000000000800556a       0xfe ./Drivers/STM32F4xx_HAL_Driver/Src/stm32f4xx_hal_i2c.o
 .text.I2C_WaitOnTXEFlagUntilTimeout
                0x0000000008005668       0x82 ./Drivers/STM32F4xx_HAL_Driver/Src/stm32f4xx_hal_i2c.o
 .text.I2C_WaitOnBTFFlagUntilTimeout
                0x00000000080056ea       0x82 ./Drivers/STM32F4xx_HAL_Driver/Src/stm32f4xx_hal_i2c.o
 .text.I2C_WaitOnRXNEFlagUntilTimeout
                0x000000000800576c       0xac ./Drivers/STM32F4xx_HAL_Driver/Src/stm32f4xx_hal_i2c.o
 .text.I2C_IsAcknowledgeFailed
                0x0000000008005818       0x5e ./Drivers/STM32F4xx_HAL_Driver/Src/stm32f4xx_hal_i2c.o
 *fill*         0x0000000008005876        0x2 
 .text.HAL_RCC_ClockConfig
                0x0000000008005878      0x1cc ./Drivers/STM32F4xx_HAL_Driver/Src/stm32f4xx_hal_rcc.o
                0x0000000008005878                HAL_RCC_ClockConfig
 .text.HAL_RCC_GetSysClockFreq
                0x0000000008005a44      0x18c ./Drivers/STM32F4xx_HAL_Driver/Src/stm32f4xx_hal_rcc.o
                0x0000000008005a44                HAL_RCC_GetSysClockFreq
 .text.HAL_RCC_GetHCLKFreq
                0x0000000008005bd0       0x18 ./Drivers/STM32F4xx_HAL_Driver/Src/stm32f4xx_hal_rcc.o
                0x0000000008005bd0                HAL_RCC_GetHCLKFreq
 .text.HAL_RCC_GetPCLK1Freq
                0x0000000008005be8       0x28 ./Drivers/STM32F4xx_HAL_Driver/Src/stm32f4xx_hal_rcc.o
                0x0000000008005be8                HAL_RCC_GetPCLK1Freq
 .text.HAL_RCC_OscConfig
                0x0000000008005c10      0x508 ./Drivers/STM32F4xx_HAL_Driver/Src/stm32f4xx_hal_rcc_ex.o
                0x0000000008005c10                HAL_RCC_OscConfig
 .text.HAL_SPI_Init
                0x0000000008006118      0x112 ./Drivers/STM32F4xx_HAL_Driver/Src/stm32f4xx_hal_spi.o
                0x0000000008006118                HAL_SPI_Init
 .text.HAL_SPI_Transmit
                0x000000000800622a      0x278 ./Drivers/STM32F4xx_HAL_Driver/Src/stm32f4xx_hal_spi.o
                0x000000000800622a                HAL_SPI_Transmit
 *fill*         0x00000000080064a2        0x2 
 .text.SPI_WaitFlagStateUntilTimeout
                0x00000000080064a4      0x110 ./Drivers/STM32F4xx_HAL_Driver/Src/stm32f4xx_hal_spi.o
 .text.SPI_EndRxTxTransaction
                0x00000000080065b4       0x84 ./Drivers/STM32F4xx_HAL_Driver/Src/stm32f4xx_hal_spi.o
 .text.HAL_TIM_Base_Init
                0x0000000008006638       0x9e ./Drivers/STM32F4xx_HAL_Driver/Src/stm32f4xx_hal_tim.o
                0x0000000008006638                HAL_TIM_Base_Init
 *fill*         0x00000000080066d6        0x2 
 .text.HAL_TIM_Base_Start
                0x00000000080066d8       0x8c ./Drivers/STM32F4xx_HAL_Driver/Src/stm32f4xx_hal_tim.o
                0x00000000080066d8                HAL_TIM_Base_Start
 .text.HAL_TIM_Base_Stop
                0x0000000008006764       0x4e ./Drivers/STM32F4xx_HAL_Driver/Src/stm32f4xx_hal_tim.o
                0x0000000008006764                HAL_TIM_Base_Stop
 *fill*         0x00000000080067b2        0x2 
 .text.HAL_TIM_Base_Start_IT
                0x00000000080067b4       0x9c ./Drivers/STM32F4xx_HAL_Driver/Src/stm32f4xx_hal_tim.o
                0x00000000080067b4                HAL_TIM_Base_Start_IT
 .text.HAL_TIM_Base_Stop_IT
                0x0000000008006850       0x5e ./Drivers/STM32F4xx_HAL_Driver/Src/stm32f4xx_hal_tim.o
                0x0000000008006850                HAL_TIM_Base_Stop_IT
 .text.HAL_TIM_OC_Init
                0x00000000080068ae       0x9e ./Drivers/STM32F4xx_HAL_Driver/Src/stm32f4xx_hal_tim.o
                0x00000000080068ae                HAL_TIM_OC_Init
 .text.HAL_TIM_PWM_Init
                0x000000000800694c       0x9e ./Drivers/STM32F4xx_HAL_Driver/Src/stm32f4xx_hal_tim.o
                0x000000000800694c                HAL_TIM_PWM_Init
 *fill*         0x00000000080069ea        0x2 
 .text.HAL_TIM_PWM_Start
                0x00000000080069ec      0x13c ./Drivers/STM32F4xx_HAL_Driver/Src/stm32f4xx_hal_tim.o
                0x00000000080069ec                HAL_TIM_PWM_Start
 .text.HAL_TIM_PWM_Stop
                0x0000000008006b28       0xc8 ./Drivers/STM32F4xx_HAL_Driver/Src/stm32f4xx_hal_tim.o
                0x0000000008006b28                HAL_TIM_PWM_Stop
 .text.HAL_TIM_IRQHandler
                0x0000000008006bf0      0x210 ./Drivers/STM32F4xx_HAL_Driver/Src/stm32f4xx_hal_tim.o
                0x0000000008006bf0                HAL_TIM_IRQHandler
 .text.HAL_TIM_OC_ConfigChannel
                0x0000000008006e00       0xb8 ./Drivers/STM32F4xx_HAL_Driver/Src/stm32f4xx_hal_tim.o
                0x0000000008006e00                HAL_TIM_OC_ConfigChannel
 .text.HAL_TIM_PWM_ConfigChannel
                0x0000000008006eb8      0x184 ./Drivers/STM32F4xx_HAL_Driver/Src/stm32f4xx_hal_tim.o
                0x0000000008006eb8                HAL_TIM_PWM_ConfigChannel
 .text.HAL_TIM_PeriodElapsedCallback
                0x000000000800703c       0x14 ./Drivers/STM32F4xx_HAL_Driver/Src/stm32f4xx_hal_tim.o
                0x000000000800703c                HAL_TIM_PeriodElapsedCallback
 .text.HAL_TIM_OC_DelayElapsedCallback
                0x0000000008007050       0x14 ./Drivers/STM32F4xx_HAL_Driver/Src/stm32f4xx_hal_tim.o
                0x0000000008007050                HAL_TIM_OC_DelayElapsedCallback
 .text.HAL_TIM_IC_CaptureCallback
                0x0000000008007064       0x14 ./Drivers/STM32F4xx_HAL_Driver/Src/stm32f4xx_hal_tim.o
                0x0000000008007064                HAL_TIM_IC_CaptureCallback
 .text.HAL_TIM_PWM_PulseFinishedCallback
                0x0000000008007078       0x14 ./Drivers/STM32F4xx_HAL_Driver/Src/stm32f4xx_hal_tim.o
                0x0000000008007078                HAL_TIM_PWM_PulseFinishedCallback
 .text.HAL_TIM_TriggerCallback
                0x000000000800708c       0x14 ./Drivers/STM32F4xx_HAL_Driver/Src/stm32f4xx_hal_tim.o
                0x000000000800708c                HAL_TIM_TriggerCallback
 .text.HAL_TIM_Base_GetState
                0x00000000080070a0       0x1c ./Drivers/STM32F4xx_HAL_Driver/Src/stm32f4xx_hal_tim.o
                0x00000000080070a0                HAL_TIM_Base_GetState
 .text.TIM_Base_SetConfig
                0x00000000080070bc       0xbc ./Drivers/STM32F4xx_HAL_Driver/Src/stm32f4xx_hal_tim.o
                0x00000000080070bc                TIM_Base_SetConfig
 .text.TIM_OC1_SetConfig
                0x0000000008007178       0xcc ./Drivers/STM32F4xx_HAL_Driver/Src/stm32f4xx_hal_tim.o
 .text.TIM_OC2_SetConfig
                0x0000000008007244       0xd8 ./Drivers/STM32F4xx_HAL_Driver/Src/stm32f4xx_hal_tim.o
                0x0000000008007244                TIM_OC2_SetConfig
 .text.TIM_OC3_SetConfig
                0x000000000800731c       0xd4 ./Drivers/STM32F4xx_HAL_Driver/Src/stm32f4xx_hal_tim.o
 .text.TIM_OC4_SetConfig
                0x00000000080073f0       0xa0 ./Drivers/STM32F4xx_HAL_Driver/Src/stm32f4xx_hal_tim.o
 .text.TIM_CCxChannelCmd
                0x0000000008007490       0x4a ./Drivers/STM32F4xx_HAL_Driver/Src/stm32f4xx_hal_tim.o
                0x0000000008007490                TIM_CCxChannelCmd
 *fill*         0x00000000080074da        0x2 
 .text.HAL_TIMEx_MasterConfigSynchronization
                0x00000000080074dc       0xb4 ./Drivers/STM32F4xx_HAL_Driver/Src/stm32f4xx_hal_tim_ex.o
                0x00000000080074dc                HAL_TIMEx_MasterConfigSynchronization
 .text.HAL_TIMEx_ConfigBreakDeadTime
                0x0000000008007590       0xa4 ./Drivers/STM32F4xx_HAL_Driver/Src/stm32f4xx_hal_tim_ex.o
                0x0000000008007590                HAL_TIMEx_ConfigBreakDeadTime
 .text.HAL_TIMEx_CommutCallback
                0x0000000008007634       0x14 ./Drivers/STM32F4xx_HAL_Driver/Src/stm32f4xx_hal_tim_ex.o
                0x0000000008007634                HAL_TIMEx_CommutCallback
 .text.HAL_TIMEx_BreakCallback
                0x0000000008007648       0x14 ./Drivers/STM32F4xx_HAL_Driver/Src/stm32f4xx_hal_tim_ex.o
                0x0000000008007648                HAL_TIMEx_BreakCallback
 .text.__errno  0x000000000800765c        0xc a:/cube/stm32cubeide_1.9.0/stm32cubeide/plugins/com.st.stm32cube.ide.mcu.externaltools.gnu-tools-for-stm32.10.3-2021.10.win32_1.0.0.202111181127/tools/bin/../lib/gcc/arm-none-eabi/10.3.1/../../../../arm-none-eabi/lib/thumb/v7e-m+fp/hard\libc_nano.a(lib_a-errno.o)
                0x000000000800765c                __errno
 .text.__libc_init_array
                0x0000000008007668       0x48 a:/cube/stm32cubeide_1.9.0/stm32cubeide/plugins/com.st.stm32cube.ide.mcu.externaltools.gnu-tools-for-stm32.10.3-2021.10.win32_1.0.0.202111181127/tools/bin/../lib/gcc/arm-none-eabi/10.3.1/../../../../arm-none-eabi/lib/thumb/v7e-m+fp/hard\libc_nano.a(lib_a-init.o)
                0x0000000008007668                __libc_init_array
 .text.malloc   0x00000000080076b0       0x10 a:/cube/stm32cubeide_1.9.0/stm32cubeide/plugins/com.st.stm32cube.ide.mcu.externaltools.gnu-tools-for-stm32.10.3-2021.10.win32_1.0.0.202111181127/tools/bin/../lib/gcc/arm-none-eabi/10.3.1/../../../../arm-none-eabi/lib/thumb/v7e-m+fp/hard\libc_nano.a(lib_a-malloc.o)
                0x00000000080076b0                malloc
 .text.memcpy   0x00000000080076c0       0x1c a:/cube/stm32cubeide_1.9.0/stm32cubeide/plugins/com.st.stm32cube.ide.mcu.externaltools.gnu-tools-for-stm32.10.3-2021.10.win32_1.0.0.202111181127/tools/bin/../lib/gcc/arm-none-eabi/10.3.1/../../../../arm-none-eabi/lib/thumb/v7e-m+fp/hard\libc_nano.a(lib_a-memcpy-stub.o)
                0x00000000080076c0                memcpy
 .text.memset   0x00000000080076dc       0x10 a:/cube/stm32cubeide_1.9.0/stm32cubeide/plugins/com.st.stm32cube.ide.mcu.externaltools.gnu-tools-for-stm32.10.3-2021.10.win32_1.0.0.202111181127/tools/bin/../lib/gcc/arm-none-eabi/10.3.1/../../../../arm-none-eabi/lib/thumb/v7e-m+fp/hard\libc_nano.a(lib_a-memset.o)
                0x00000000080076dc                memset
 .text._free_r  0x00000000080076ec       0x98 a:/cube/stm32cubeide_1.9.0/stm32cubeide/plugins/com.st.stm32cube.ide.mcu.externaltools.gnu-tools-for-stm32.10.3-2021.10.win32_1.0.0.202111181127/tools/bin/../lib/gcc/arm-none-eabi/10.3.1/../../../../arm-none-eabi/lib/thumb/v7e-m+fp/hard\libc_nano.a(lib_a-nano-freer.o)
                0x00000000080076ec                _free_r
 .text.sbrk_aligned
                0x0000000008007784       0x40 a:/cube/stm32cubeide_1.9.0/stm32cubeide/plugins/com.st.stm32cube.ide.mcu.externaltools.gnu-tools-for-stm32.10.3-2021.10.win32_1.0.0.202111181127/tools/bin/../lib/gcc/arm-none-eabi/10.3.1/../../../../arm-none-eabi/lib/thumb/v7e-m+fp/hard\libc_nano.a(lib_a-nano-mallocr.o)
 .text._malloc_r
                0x00000000080077c4       0xe8 a:/cube/stm32cubeide_1.9.0/stm32cubeide/plugins/com.st.stm32cube.ide.mcu.externaltools.gnu-tools-for-stm32.10.3-2021.10.win32_1.0.0.202111181127/tools/bin/../lib/gcc/arm-none-eabi/10.3.1/../../../../arm-none-eabi/lib/thumb/v7e-m+fp/hard\libc_nano.a(lib_a-nano-mallocr.o)
                0x00000000080077c4                _malloc_r
 .text.__cvt    0x00000000080078ac       0xc4 a:/cube/stm32cubeide_1.9.0/stm32cubeide/plugins/com.st.stm32cube.ide.mcu.externaltools.gnu-tools-for-stm32.10.3-2021.10.win32_1.0.0.202111181127/tools/bin/../lib/gcc/arm-none-eabi/10.3.1/../../../../arm-none-eabi/lib/thumb/v7e-m+fp/hard\libc_nano.a(lib_a-nano-vfprintf_float.o)
                0x00000000080078ac                __cvt
 .text.__exponent
                0x0000000008007970       0x7c a:/cube/stm32cubeide_1.9.0/stm32cubeide/plugins/com.st.stm32cube.ide.mcu.externaltools.gnu-tools-for-stm32.10.3-2021.10.win32_1.0.0.202111181127/tools/bin/../lib/gcc/arm-none-eabi/10.3.1/../../../../arm-none-eabi/lib/thumb/v7e-m+fp/hard\libc_nano.a(lib_a-nano-vfprintf_float.o)
                0x0000000008007970                __exponent
 .text._printf_float
                0x00000000080079ec      0x46c a:/cube/stm32cubeide_1.9.0/stm32cubeide/plugins/com.st.stm32cube.ide.mcu.externaltools.gnu-tools-for-stm32.10.3-2021.10.win32_1.0.0.202111181127/tools/bin/../lib/gcc/arm-none-eabi/10.3.1/../../../../arm-none-eabi/lib/thumb/v7e-m+fp/hard\libc_nano.a(lib_a-nano-vfprintf_float.o)
                0x00000000080079ec                _printf_float
 .text._printf_common
                0x0000000008007e58       0xda a:/cube/stm32cubeide_1.9.0/stm32cubeide/plugins/com.st.stm32cube.ide.mcu.externaltools.gnu-tools-for-stm32.10.3-2021.10.win32_1.0.0.202111181127/tools/bin/../lib/gcc/arm-none-eabi/10.3.1/../../../../arm-none-eabi/lib/thumb/v7e-m+fp/hard\libc_nano.a(lib_a-nano-vfprintf_i.o)
                0x0000000008007e58                _printf_common
 *fill*         0x0000000008007f32        0x2 
 .text._printf_i
                0x0000000008007f34      0x24c a:/cube/stm32cubeide_1.9.0/stm32cubeide/plugins/com.st.stm32cube.ide.mcu.externaltools.gnu-tools-for-stm32.10.3-2021.10.win32_1.0.0.202111181127/tools/bin/../lib/gcc/arm-none-eabi/10.3.1/../../../../arm-none-eabi/lib/thumb/v7e-m+fp/hard\libc_nano.a(lib_a-nano-vfprintf_i.o)
                0x0000000008007f34                _printf_i
 .text.printf   0x0000000008008180       0x30 a:/cube/stm32cubeide_1.9.0/stm32cubeide/plugins/com.st.stm32cube.ide.mcu.externaltools.gnu-tools-for-stm32.10.3-2021.10.win32_1.0.0.202111181127/tools/bin/../lib/gcc/arm-none-eabi/10.3.1/../../../../arm-none-eabi/lib/thumb/v7e-m+fp/hard\libc_nano.a(lib_a-printf.o)
                0x0000000008008180                iprintf
                0x0000000008008180                printf
 .text._sbrk_r  0x00000000080081b0       0x20 a:/cube/stm32cubeide_1.9.0/stm32cubeide/plugins/com.st.stm32cube.ide.mcu.externaltools.gnu-tools-for-stm32.10.3-2021.10.win32_1.0.0.202111181127/tools/bin/../lib/gcc/arm-none-eabi/10.3.1/../../../../arm-none-eabi/lib/thumb/v7e-m+fp/hard\libc_nano.a(lib_a-sbrkr.o)
                0x00000000080081b0                _sbrk_r
 .text.sprintf  0x00000000080081d0       0x40 a:/cube/stm32cubeide_1.9.0/stm32cubeide/plugins/com.st.stm32cube.ide.mcu.externaltools.gnu-tools-for-stm32.10.3-2021.10.win32_1.0.0.202111181127/tools/bin/../lib/gcc/arm-none-eabi/10.3.1/../../../../arm-none-eabi/lib/thumb/v7e-m+fp/hard\libc_nano.a(lib_a-sprintf.o)
                0x00000000080081d0                siprintf
                0x00000000080081d0                sprintf
 .text.__swbuf_r
                0x0000000008008210       0xa4 a:/cube/stm32cubeide_1.9.0/stm32cubeide/plugins/com.st.stm32cube.ide.mcu.externaltools.gnu-tools-for-stm32.10.3-2021.10.win32_1.0.0.202111181127/tools/bin/../lib/gcc/arm-none-eabi/10.3.1/../../../../arm-none-eabi/lib/thumb/v7e-m+fp/hard\libc_nano.a(lib_a-wbuf.o)
                0x0000000008008210                __swbuf_r
 .text.__swsetup_r
                0x00000000080082b4       0xdc a:/cube/stm32cubeide_1.9.0/stm32cubeide/plugins/com.st.stm32cube.ide.mcu.externaltools.gnu-tools-for-stm32.10.3-2021.10.win32_1.0.0.202111181127/tools/bin/../lib/gcc/arm-none-eabi/10.3.1/../../../../arm-none-eabi/lib/thumb/v7e-m+fp/hard\libc_nano.a(lib_a-wsetup.o)
                0x00000000080082b4                __swsetup_r
 .text.quorem   0x0000000008008390      0x116 a:/cube/stm32cubeide_1.9.0/stm32cubeide/plugins/com.st.stm32cube.ide.mcu.externaltools.gnu-tools-for-stm32.10.3-2021.10.win32_1.0.0.202111181127/tools/bin/../lib/gcc/arm-none-eabi/10.3.1/../../../../arm-none-eabi/lib/thumb/v7e-m+fp/hard\libc_nano.a(lib_a-dtoa.o)
 *fill*         0x00000000080084a6        0x2 
 .text._dtoa_r  0x00000000080084a8      0xbdc a:/cube/stm32cubeide_1.9.0/stm32cubeide/plugins/com.st.stm32cube.ide.mcu.externaltools.gnu-tools-for-stm32.10.3-2021.10.win32_1.0.0.202111181127/tools/bin/../lib/gcc/arm-none-eabi/10.3.1/../../../../arm-none-eabi/lib/thumb/v7e-m+fp/hard\libc_nano.a(lib_a-dtoa.o)
                0x00000000080084a8                _dtoa_r
 .text.__sflush_r
                0x0000000008009084      0x10c a:/cube/stm32cubeide_1.9.0/stm32cubeide/plugins/com.st.stm32cube.ide.mcu.externaltools.gnu-tools-for-stm32.10.3-2021.10.win32_1.0.0.202111181127/tools/bin/../lib/gcc/arm-none-eabi/10.3.1/../../../../arm-none-eabi/lib/thumb/v7e-m+fp/hard\libc_nano.a(lib_a-fflush.o)
                0x0000000008009084                __sflush_r
 .text._fflush_r
                0x0000000008009190       0x78 a:/cube/stm32cubeide_1.9.0/stm32cubeide/plugins/com.st.stm32cube.ide.mcu.externaltools.gnu-tools-for-stm32.10.3-2021.10.win32_1.0.0.202111181127/tools/bin/../lib/gcc/arm-none-eabi/10.3.1/../../../../arm-none-eabi/lib/thumb/v7e-m+fp/hard\libc_nano.a(lib_a-fflush.o)
                0x0000000008009190                _fflush_r
 .text.std      0x0000000008009208       0x48 a:/cube/stm32cubeide_1.9.0/stm32cubeide/plugins/com.st.stm32cube.ide.mcu.externaltools.gnu-tools-for-stm32.10.3-2021.10.win32_1.0.0.202111181127/tools/bin/../lib/gcc/arm-none-eabi/10.3.1/../../../../arm-none-eabi/lib/thumb/v7e-m+fp/hard\libc_nano.a(lib_a-findfp.o)
 .text._cleanup_r
                0x0000000008009250        0xc a:/cube/stm32cubeide_1.9.0/stm32cubeide/plugins/com.st.stm32cube.ide.mcu.externaltools.gnu-tools-for-stm32.10.3-2021.10.win32_1.0.0.202111181127/tools/bin/../lib/gcc/arm-none-eabi/10.3.1/../../../../arm-none-eabi/lib/thumb/v7e-m+fp/hard\libc_nano.a(lib_a-findfp.o)
                0x0000000008009250                _cleanup_r
 .text.__sfmoreglue
                0x000000000800925c       0x2c a:/cube/stm32cubeide_1.9.0/stm32cubeide/plugins/com.st.stm32cube.ide.mcu.externaltools.gnu-tools-for-stm32.10.3-2021.10.win32_1.0.0.202111181127/tools/bin/../lib/gcc/arm-none-eabi/10.3.1/../../../../arm-none-eabi/lib/thumb/v7e-m+fp/hard\libc_nano.a(lib_a-findfp.o)
                0x000000000800925c                __sfmoreglue
 .text.__sfp_lock_acquire
                0x0000000008009288        0xc a:/cube/stm32cubeide_1.9.0/stm32cubeide/plugins/com.st.stm32cube.ide.mcu.externaltools.gnu-tools-for-stm32.10.3-2021.10.win32_1.0.0.202111181127/tools/bin/../lib/gcc/arm-none-eabi/10.3.1/../../../../arm-none-eabi/lib/thumb/v7e-m+fp/hard\libc_nano.a(lib_a-findfp.o)
                0x0000000008009288                __sfp_lock_acquire
 .text.__sfp_lock_release
                0x0000000008009294        0xc a:/cube/stm32cubeide_1.9.0/stm32cubeide/plugins/com.st.stm32cube.ide.mcu.externaltools.gnu-tools-for-stm32.10.3-2021.10.win32_1.0.0.202111181127/tools/bin/../lib/gcc/arm-none-eabi/10.3.1/../../../../arm-none-eabi/lib/thumb/v7e-m+fp/hard\libc_nano.a(lib_a-findfp.o)
                0x0000000008009294                __sfp_lock_release
 .text.__sinit_lock_acquire
                0x00000000080092a0        0xc a:/cube/stm32cubeide_1.9.0/stm32cubeide/plugins/com.st.stm32cube.ide.mcu.externaltools.gnu-tools-for-stm32.10.3-2021.10.win32_1.0.0.202111181127/tools/bin/../lib/gcc/arm-none-eabi/10.3.1/../../../../arm-none-eabi/lib/thumb/v7e-m+fp/hard\libc_nano.a(lib_a-findfp.o)
                0x00000000080092a0                __sinit_lock_acquire
 .text.__sinit_lock_release
                0x00000000080092ac        0xc a:/cube/stm32cubeide_1.9.0/stm32cubeide/plugins/com.st.stm32cube.ide.mcu.externaltools.gnu-tools-for-stm32.10.3-2021.10.win32_1.0.0.202111181127/tools/bin/../lib/gcc/arm-none-eabi/10.3.1/../../../../arm-none-eabi/lib/thumb/v7e-m+fp/hard\libc_nano.a(lib_a-findfp.o)
                0x00000000080092ac                __sinit_lock_release
 .text.__sinit  0x00000000080092b8       0x70 a:/cube/stm32cubeide_1.9.0/stm32cubeide/plugins/com.st.stm32cube.ide.mcu.externaltools.gnu-tools-for-stm32.10.3-2021.10.win32_1.0.0.202111181127/tools/bin/../lib/gcc/arm-none-eabi/10.3.1/../../../../arm-none-eabi/lib/thumb/v7e-m+fp/hard\libc_nano.a(lib_a-findfp.o)
                0x00000000080092b8                __sinit
 .text.__sfp    0x0000000008009328       0x8c a:/cube/stm32cubeide_1.9.0/stm32cubeide/plugins/com.st.stm32cube.ide.mcu.externaltools.gnu-tools-for-stm32.10.3-2021.10.win32_1.0.0.202111181127/tools/bin/../lib/gcc/arm-none-eabi/10.3.1/../../../../arm-none-eabi/lib/thumb/v7e-m+fp/hard\libc_nano.a(lib_a-findfp.o)
                0x0000000008009328                __sfp
 .text._fwalk_reent
                0x00000000080093b4       0x3e a:/cube/stm32cubeide_1.9.0/stm32cubeide/plugins/com.st.stm32cube.ide.mcu.externaltools.gnu-tools-for-stm32.10.3-2021.10.win32_1.0.0.202111181127/tools/bin/../lib/gcc/arm-none-eabi/10.3.1/../../../../arm-none-eabi/lib/thumb/v7e-m+fp/hard\libc_nano.a(lib_a-fwalk.o)
                0x00000000080093b4                _fwalk_reent
 *fill*         0x00000000080093f2        0x2 
 .text._localeconv_r
                0x00000000080093f4        0x8 a:/cube/stm32cubeide_1.9.0/stm32cubeide/plugins/com.st.stm32cube.ide.mcu.externaltools.gnu-tools-for-stm32.10.3-2021.10.win32_1.0.0.202111181127/tools/bin/../lib/gcc/arm-none-eabi/10.3.1/../../../../arm-none-eabi/lib/thumb/v7e-m+fp/hard\libc_nano.a(lib_a-localeconv.o)
                0x00000000080093f4                _localeconv_r
 .text.__retarget_lock_init_recursive
                0x00000000080093fc        0x2 a:/cube/stm32cubeide_1.9.0/stm32cubeide/plugins/com.st.stm32cube.ide.mcu.externaltools.gnu-tools-for-stm32.10.3-2021.10.win32_1.0.0.202111181127/tools/bin/../lib/gcc/arm-none-eabi/10.3.1/../../../../arm-none-eabi/lib/thumb/v7e-m+fp/hard\libc_nano.a(lib_a-lock.o)
                0x00000000080093fc                __retarget_lock_init_recursive
 .text.__retarget_lock_acquire_recursive
                0x00000000080093fe        0x2 a:/cube/stm32cubeide_1.9.0/stm32cubeide/plugins/com.st.stm32cube.ide.mcu.externaltools.gnu-tools-for-stm32.10.3-2021.10.win32_1.0.0.202111181127/tools/bin/../lib/gcc/arm-none-eabi/10.3.1/../../../../arm-none-eabi/lib/thumb/v7e-m+fp/hard\libc_nano.a(lib_a-lock.o)
                0x00000000080093fe                __retarget_lock_acquire_recursive
 .text.__retarget_lock_release_recursive
                0x0000000008009400        0x2 a:/cube/stm32cubeide_1.9.0/stm32cubeide/plugins/com.st.stm32cube.ide.mcu.externaltools.gnu-tools-for-stm32.10.3-2021.10.win32_1.0.0.202111181127/tools/bin/../lib/gcc/arm-none-eabi/10.3.1/../../../../arm-none-eabi/lib/thumb/v7e-m+fp/hard\libc_nano.a(lib_a-lock.o)
                0x0000000008009400                __retarget_lock_release_recursive
 .text.__swhatbuf_r
                0x0000000008009402       0x4a a:/cube/stm32cubeide_1.9.0/stm32cubeide/plugins/com.st.stm32cube.ide.mcu.externaltools.gnu-tools-for-stm32.10.3-2021.10.win32_1.0.0.202111181127/tools/bin/../lib/gcc/arm-none-eabi/10.3.1/../../../../arm-none-eabi/lib/thumb/v7e-m+fp/hard\libc_nano.a(lib_a-makebuf.o)
                0x0000000008009402                __swhatbuf_r
 .text.__smakebuf_r
                0x000000000800944c       0x80 a:/cube/stm32cubeide_1.9.0/stm32cubeide/plugins/com.st.stm32cube.ide.mcu.externaltools.gnu-tools-for-stm32.10.3-2021.10.win32_1.0.0.202111181127/tools/bin/../lib/gcc/arm-none-eabi/10.3.1/../../../../arm-none-eabi/lib/thumb/v7e-m+fp/hard\libc_nano.a(lib_a-makebuf.o)
                0x000000000800944c                __smakebuf_r
 .text.__malloc_lock
                0x00000000080094cc        0xc a:/cube/stm32cubeide_1.9.0/stm32cubeide/plugins/com.st.stm32cube.ide.mcu.externaltools.gnu-tools-for-stm32.10.3-2021.10.win32_1.0.0.202111181127/tools/bin/../lib/gcc/arm-none-eabi/10.3.1/../../../../arm-none-eabi/lib/thumb/v7e-m+fp/hard\libc_nano.a(lib_a-mlock.o)
                0x00000000080094cc                __malloc_lock
 .text.__malloc_unlock
                0x00000000080094d8        0xc a:/cube/stm32cubeide_1.9.0/stm32cubeide/plugins/com.st.stm32cube.ide.mcu.externaltools.gnu-tools-for-stm32.10.3-2021.10.win32_1.0.0.202111181127/tools/bin/../lib/gcc/arm-none-eabi/10.3.1/../../../../arm-none-eabi/lib/thumb/v7e-m+fp/hard\libc_nano.a(lib_a-mlock.o)
                0x00000000080094d8                __malloc_unlock
 .text._Balloc  0x00000000080094e4       0x80 a:/cube/stm32cubeide_1.9.0/stm32cubeide/plugins/com.st.stm32cube.ide.mcu.externaltools.gnu-tools-for-stm32.10.3-2021.10.win32_1.0.0.202111181127/tools/bin/../lib/gcc/arm-none-eabi/10.3.1/../../../../arm-none-eabi/lib/thumb/v7e-m+fp/hard\libc_nano.a(lib_a-mprec.o)
                0x00000000080094e4                _Balloc
 .text._Bfree   0x0000000008009564       0x44 a:/cube/stm32cubeide_1.9.0/stm32cubeide/plugins/com.st.stm32cube.ide.mcu.externaltools.gnu-tools-for-stm32.10.3-2021.10.win32_1.0.0.202111181127/tools/bin/../lib/gcc/arm-none-eabi/10.3.1/../../../../arm-none-eabi/lib/thumb/v7e-m+fp/hard\libc_nano.a(lib_a-mprec.o)
                0x0000000008009564                _Bfree
 .text.__multadd
                0x00000000080095a8       0x8c a:/cube/stm32cubeide_1.9.0/stm32cubeide/plugins/com.st.stm32cube.ide.mcu.externaltools.gnu-tools-for-stm32.10.3-2021.10.win32_1.0.0.202111181127/tools/bin/../lib/gcc/arm-none-eabi/10.3.1/../../../../arm-none-eabi/lib/thumb/v7e-m+fp/hard\libc_nano.a(lib_a-mprec.o)
                0x00000000080095a8                __multadd
 .text.__hi0bits
                0x0000000008009634       0x40 a:/cube/stm32cubeide_1.9.0/stm32cubeide/plugins/com.st.stm32cube.ide.mcu.externaltools.gnu-tools-for-stm32.10.3-2021.10.win32_1.0.0.202111181127/tools/bin/../lib/gcc/arm-none-eabi/10.3.1/../../../../arm-none-eabi/lib/thumb/v7e-m+fp/hard\libc_nano.a(lib_a-mprec.o)
                0x0000000008009634                __hi0bits
 .text.__lo0bits
                0x0000000008009674       0x5e a:/cube/stm32cubeide_1.9.0/stm32cubeide/plugins/com.st.stm32cube.ide.mcu.externaltools.gnu-tools-for-stm32.10.3-2021.10.win32_1.0.0.202111181127/tools/bin/../lib/gcc/arm-none-eabi/10.3.1/../../../../arm-none-eabi/lib/thumb/v7e-m+fp/hard\libc_nano.a(lib_a-mprec.o)
                0x0000000008009674                __lo0bits
 *fill*         0x00000000080096d2        0x2 
 .text.__i2b    0x00000000080096d4       0x2c a:/cube/stm32cubeide_1.9.0/stm32cubeide/plugins/com.st.stm32cube.ide.mcu.externaltools.gnu-tools-for-stm32.10.3-2021.10.win32_1.0.0.202111181127/tools/bin/../lib/gcc/arm-none-eabi/10.3.1/../../../../arm-none-eabi/lib/thumb/v7e-m+fp/hard\libc_nano.a(lib_a-mprec.o)
                0x00000000080096d4                __i2b
 .text.__multiply
                0x0000000008009700      0x154 a:/cube/stm32cubeide_1.9.0/stm32cubeide/plugins/com.st.stm32cube.ide.mcu.externaltools.gnu-tools-for-stm32.10.3-2021.10.win32_1.0.0.202111181127/tools/bin/../lib/gcc/arm-none-eabi/10.3.1/../../../../arm-none-eabi/lib/thumb/v7e-m+fp/hard\libc_nano.a(lib_a-mprec.o)
                0x0000000008009700                __multiply
 .text.__pow5mult
                0x0000000008009854       0xb4 a:/cube/stm32cubeide_1.9.0/stm32cubeide/plugins/com.st.stm32cube.ide.mcu.externaltools.gnu-tools-for-stm32.10.3-2021.10.win32_1.0.0.202111181127/tools/bin/../lib/gcc/arm-none-eabi/10.3.1/../../../../arm-none-eabi/lib/thumb/v7e-m+fp/hard\libc_nano.a(lib_a-mprec.o)
                0x0000000008009854                __pow5mult
 .text.__lshift
                0x0000000008009908       0xe0 a:/cube/stm32cubeide_1.9.0/stm32cubeide/plugins/com.st.stm32cube.ide.mcu.externaltools.gnu-tools-for-stm32.10.3-2021.10.win32_1.0.0.202111181127/tools/bin/../lib/gcc/arm-none-eabi/10.3.1/../../../../arm-none-eabi/lib/thumb/v7e-m+fp/hard\libc_nano.a(lib_a-mprec.o)
                0x0000000008009908                __lshift
 .text.__mcmp   0x00000000080099e8       0x38 a:/cube/stm32cubeide_1.9.0/stm32cubeide/plugins/com.st.stm32cube.ide.mcu.externaltools.gnu-tools-for-stm32.10.3-2021.10.win32_1.0.0.202111181127/tools/bin/../lib/gcc/arm-none-eabi/10.3.1/../../../../arm-none-eabi/lib/thumb/v7e-m+fp/hard\libc_nano.a(lib_a-mprec.o)
                0x00000000080099e8                __mcmp
 .text.__mdiff  0x0000000008009a20      0x114 a:/cube/stm32cubeide_1.9.0/stm32cubeide/plugins/com.st.stm32cube.ide.mcu.externaltools.gnu-tools-for-stm32.10.3-2021.10.win32_1.0.0.202111181127/tools/bin/../lib/gcc/arm-none-eabi/10.3.1/../../../../arm-none-eabi/lib/thumb/v7e-m+fp/hard\libc_nano.a(lib_a-mprec.o)
                0x0000000008009a20                __mdiff
 .text.__d2b    0x0000000008009b34       0xb8 a:/cube/stm32cubeide_1.9.0/stm32cubeide/plugins/com.st.stm32cube.ide.mcu.externaltools.gnu-tools-for-stm32.10.3-2021.10.win32_1.0.0.202111181127/tools/bin/../lib/gcc/arm-none-eabi/10.3.1/../../../../arm-none-eabi/lib/thumb/v7e-m+fp/hard\libc_nano.a(lib_a-mprec.o)
                0x0000000008009b34                __d2b
 .text._calloc_r
                0x0000000008009bec       0x2c a:/cube/stm32cubeide_1.9.0/stm32cubeide/plugins/com.st.stm32cube.ide.mcu.externaltools.gnu-tools-for-stm32.10.3-2021.10.win32_1.0.0.202111181127/tools/bin/../lib/gcc/arm-none-eabi/10.3.1/../../../../arm-none-eabi/lib/thumb/v7e-m+fp/hard\libc_nano.a(lib_a-nano-callocr.o)
                0x0000000008009bec                _calloc_r
 .text.__ssputs_r
                0x0000000008009c18       0xb6 a:/cube/stm32cubeide_1.9.0/stm32cubeide/plugins/com.st.stm32cube.ide.mcu.externaltools.gnu-tools-for-stm32.10.3-2021.10.win32_1.0.0.202111181127/tools/bin/../lib/gcc/arm-none-eabi/10.3.1/../../../../arm-none-eabi/lib/thumb/v7e-m+fp/hard\libc_nano.a(lib_a-nano-svfprintf.o)
                0x0000000008009c18                __ssputs_r
 *fill*         0x0000000008009cce        0x2 
 .text._svfprintf_r
                0x0000000008009cd0      0x200 a:/cube/stm32cubeide_1.9.0/stm32cubeide/plugins/com.st.stm32cube.ide.mcu.externaltools.gnu-tools-for-stm32.10.3-2021.10.win32_1.0.0.202111181127/tools/bin/../lib/gcc/arm-none-eabi/10.3.1/../../../../arm-none-eabi/lib/thumb/v7e-m+fp/hard\libc_nano.a(lib_a-nano-svfprintf.o)
                0x0000000008009cd0                _svfiprintf_r
                0x0000000008009cd0                _svfprintf_r
 .text.__sfputc_r
                0x0000000008009ed0       0x2e a:/cube/stm32cubeide_1.9.0/stm32cubeide/plugins/com.st.stm32cube.ide.mcu.externaltools.gnu-tools-for-stm32.10.3-2021.10.win32_1.0.0.202111181127/tools/bin/../lib/gcc/arm-none-eabi/10.3.1/../../../../arm-none-eabi/lib/thumb/v7e-m+fp/hard\libc_nano.a(lib_a-nano-vfprintf.o)
 .text.__sfputs_r
                0x0000000008009efe       0x24 a:/cube/stm32cubeide_1.9.0/stm32cubeide/plugins/com.st.stm32cube.ide.mcu.externaltools.gnu-tools-for-stm32.10.3-2021.10.win32_1.0.0.202111181127/tools/bin/../lib/gcc/arm-none-eabi/10.3.1/../../../../arm-none-eabi/lib/thumb/v7e-m+fp/hard\libc_nano.a(lib_a-nano-vfprintf.o)
                0x0000000008009efe                __sfputs_r
 *fill*         0x0000000008009f22        0x2 
 .text._vfprintf_r
                0x0000000008009f24      0x260 a:/cube/stm32cubeide_1.9.0/stm32cubeide/plugins/com.st.stm32cube.ide.mcu.externaltools.gnu-tools-for-stm32.10.3-2021.10.win32_1.0.0.202111181127/tools/bin/../lib/gcc/arm-none-eabi/10.3.1/../../../../arm-none-eabi/lib/thumb/v7e-m+fp/hard\libc_nano.a(lib_a-nano-vfprintf.o)
                0x0000000008009f24                _vfprintf_r
                0x0000000008009f24                _vfiprintf_r
 .text.__sread  0x000000000800a184       0x22 a:/cube/stm32cubeide_1.9.0/stm32cubeide/plugins/com.st.stm32cube.ide.mcu.externaltools.gnu-tools-for-stm32.10.3-2021.10.win32_1.0.0.202111181127/tools/bin/../lib/gcc/arm-none-eabi/10.3.1/../../../../arm-none-eabi/lib/thumb/v7e-m+fp/hard\libc_nano.a(lib_a-stdio.o)
                0x000000000800a184                __sread
 .text.__swrite
                0x000000000800a1a6       0x38 a:/cube/stm32cubeide_1.9.0/stm32cubeide/plugins/com.st.stm32cube.ide.mcu.externaltools.gnu-tools-for-stm32.10.3-2021.10.win32_1.0.0.202111181127/tools/bin/../lib/gcc/arm-none-eabi/10.3.1/../../../../arm-none-eabi/lib/thumb/v7e-m+fp/hard\libc_nano.a(lib_a-stdio.o)
                0x000000000800a1a6                __swrite
 .text.__sseek  0x000000000800a1de       0x24 a:/cube/stm32cubeide_1.9.0/stm32cubeide/plugins/com.st.stm32cube.ide.mcu.externaltools.gnu-tools-for-stm32.10.3-2021.10.win32_1.0.0.202111181127/tools/bin/../lib/gcc/arm-none-eabi/10.3.1/../../../../arm-none-eabi/lib/thumb/v7e-m+fp/hard\libc_nano.a(lib_a-stdio.o)
                0x000000000800a1de                __sseek
 .text.__sclose
                0x000000000800a202        0x8 a:/cube/stm32cubeide_1.9.0/stm32cubeide/plugins/com.st.stm32cube.ide.mcu.externaltools.gnu-tools-for-stm32.10.3-2021.10.win32_1.0.0.202111181127/tools/bin/../lib/gcc/arm-none-eabi/10.3.1/../../../../arm-none-eabi/lib/thumb/v7e-m+fp/hard\libc_nano.a(lib_a-stdio.o)
                0x000000000800a202                __sclose
 *fill*         0x000000000800a20a        0x2 
 .text._write_r
                0x000000000800a20c       0x24 a:/cube/stm32cubeide_1.9.0/stm32cubeide/plugins/com.st.stm32cube.ide.mcu.externaltools.gnu-tools-for-stm32.10.3-2021.10.win32_1.0.0.202111181127/tools/bin/../lib/gcc/arm-none-eabi/10.3.1/../../../../arm-none-eabi/lib/thumb/v7e-m+fp/hard\libc_nano.a(lib_a-writer.o)
                0x000000000800a20c                _write_r
 .text.__assert_func
                0x000000000800a230       0x3c a:/cube/stm32cubeide_1.9.0/stm32cubeide/plugins/com.st.stm32cube.ide.mcu.externaltools.gnu-tools-for-stm32.10.3-2021.10.win32_1.0.0.202111181127/tools/bin/../lib/gcc/arm-none-eabi/10.3.1/../../../../arm-none-eabi/lib/thumb/v7e-m+fp/hard\libc_nano.a(lib_a-assert.o)
                0x000000000800a230                __assert_func
 .text._close_r
                0x000000000800a26c       0x20 a:/cube/stm32cubeide_1.9.0/stm32cubeide/plugins/com.st.stm32cube.ide.mcu.externaltools.gnu-tools-for-stm32.10.3-2021.10.win32_1.0.0.202111181127/tools/bin/../lib/gcc/arm-none-eabi/10.3.1/../../../../arm-none-eabi/lib/thumb/v7e-m+fp/hard\libc_nano.a(lib_a-closer.o)
                0x000000000800a26c                _close_r
 .text.fprintf  0x000000000800a28c       0x24 a:/cube/stm32cubeide_1.9.0/stm32cubeide/plugins/com.st.stm32cube.ide.mcu.externaltools.gnu-tools-for-stm32.10.3-2021.10.win32_1.0.0.202111181127/tools/bin/../lib/gcc/arm-none-eabi/10.3.1/../../../../arm-none-eabi/lib/thumb/v7e-m+fp/hard\libc_nano.a(lib_a-fprintf.o)
                0x000000000800a28c                fiprintf
                0x000000000800a28c                fprintf
 .text._fstat_r
                0x000000000800a2b0       0x24 a:/cube/stm32cubeide_1.9.0/stm32cubeide/plugins/com.st.stm32cube.ide.mcu.externaltools.gnu-tools-for-stm32.10.3-2021.10.win32_1.0.0.202111181127/tools/bin/../lib/gcc/arm-none-eabi/10.3.1/../../../../arm-none-eabi/lib/thumb/v7e-m+fp/hard\libc_nano.a(lib_a-fstatr.o)
                0x000000000800a2b0                _fstat_r
 .text._isatty_r
                0x000000000800a2d4       0x20 a:/cube/stm32cubeide_1.9.0/stm32cubeide/plugins/com.st.stm32cube.ide.mcu.externaltools.gnu-tools-for-stm32.10.3-2021.10.win32_1.0.0.202111181127/tools/bin/../lib/gcc/arm-none-eabi/10.3.1/../../../../arm-none-eabi/lib/thumb/v7e-m+fp/hard\libc_nano.a(lib_a-isattyr.o)
                0x000000000800a2d4                _isatty_r
 .text._lseek_r
                0x000000000800a2f4       0x24 a:/cube/stm32cubeide_1.9.0/stm32cubeide/plugins/com.st.stm32cube.ide.mcu.externaltools.gnu-tools-for-stm32.10.3-2021.10.win32_1.0.0.202111181127/tools/bin/../lib/gcc/arm-none-eabi/10.3.1/../../../../arm-none-eabi/lib/thumb/v7e-m+fp/hard\libc_nano.a(lib_a-lseekr.o)
                0x000000000800a2f4                _lseek_r
 .text.__ascii_mbtowc
                0x000000000800a318       0x24 a:/cube/stm32cubeide_1.9.0/stm32cubeide/plugins/com.st.stm32cube.ide.mcu.externaltools.gnu-tools-for-stm32.10.3-2021.10.win32_1.0.0.202111181127/tools/bin/../lib/gcc/arm-none-eabi/10.3.1/../../../../arm-none-eabi/lib/thumb/v7e-m+fp/hard\libc_nano.a(lib_a-mbtowc_r.o)
                0x000000000800a318                __ascii_mbtowc
 .text.memmove  0x000000000800a33c       0x34 a:/cube/stm32cubeide_1.9.0/stm32cubeide/plugins/com.st.stm32cube.ide.mcu.externaltools.gnu-tools-for-stm32.10.3-2021.10.win32_1.0.0.202111181127/tools/bin/../lib/gcc/arm-none-eabi/10.3.1/../../../../arm-none-eabi/lib/thumb/v7e-m+fp/hard\libc_nano.a(lib_a-memmove.o)
                0x000000000800a33c                memmove
 .text._realloc_r
                0x000000000800a370       0x5e a:/cube/stm32cubeide_1.9.0/stm32cubeide/plugins/com.st.stm32cube.ide.mcu.externaltools.gnu-tools-for-stm32.10.3-2021.10.win32_1.0.0.202111181127/tools/bin/../lib/gcc/arm-none-eabi/10.3.1/../../../../arm-none-eabi/lib/thumb/v7e-m+fp/hard\libc_nano.a(lib_a-nano-reallocr.o)
                0x000000000800a370                _realloc_r
 *fill*         0x000000000800a3ce        0x2 
 .text._read_r  0x000000000800a3d0       0x24 a:/cube/stm32cubeide_1.9.0/stm32cubeide/plugins/com.st.stm32cube.ide.mcu.externaltools.gnu-tools-for-stm32.10.3-2021.10.win32_1.0.0.202111181127/tools/bin/../lib/gcc/arm-none-eabi/10.3.1/../../../../arm-none-eabi/lib/thumb/v7e-m+fp/hard\libc_nano.a(lib_a-readr.o)
                0x000000000800a3d0                _read_r
 .text.__ascii_wctomb
                0x000000000800a3f4       0x1a a:/cube/stm32cubeide_1.9.0/stm32cubeide/plugins/com.st.stm32cube.ide.mcu.externaltools.gnu-tools-for-stm32.10.3-2021.10.win32_1.0.0.202111181127/tools/bin/../lib/gcc/arm-none-eabi/10.3.1/../../../../arm-none-eabi/lib/thumb/v7e-m+fp/hard\libc_nano.a(lib_a-wctomb_r.o)
                0x000000000800a3f4                __ascii_wctomb
 .text.abort    0x000000000800a40e        0xe a:/cube/stm32cubeide_1.9.0/stm32cubeide/plugins/com.st.stm32cube.ide.mcu.externaltools.gnu-tools-for-stm32.10.3-2021.10.win32_1.0.0.202111181127/tools/bin/../lib/gcc/arm-none-eabi/10.3.1/../../../../arm-none-eabi/lib/thumb/v7e-m+fp/hard\libc_nano.a(lib_a-abort.o)
                0x000000000800a40e                abort
 .text._malloc_usable_size_r
                0x000000000800a41c       0x10 a:/cube/stm32cubeide_1.9.0/stm32cubeide/plugins/com.st.stm32cube.ide.mcu.externaltools.gnu-tools-for-stm32.10.3-2021.10.win32_1.0.0.202111181127/tools/bin/../lib/gcc/arm-none-eabi/10.3.1/../../../../arm-none-eabi/lib/thumb/v7e-m+fp/hard\libc_nano.a(lib_a-nano-msizer.o)
                0x000000000800a41c                _malloc_usable_size_r
 .text._raise_r
                0x000000000800a42c       0x50 a:/cube/stm32cubeide_1.9.0/stm32cubeide/plugins/com.st.stm32cube.ide.mcu.externaltools.gnu-tools-for-stm32.10.3-2021.10.win32_1.0.0.202111181127/tools/bin/../lib/gcc/arm-none-eabi/10.3.1/../../../../arm-none-eabi/lib/thumb/v7e-m+fp/hard\libc_nano.a(lib_a-signal.o)
                0x000000000800a42c                _raise_r
 .text.raise    0x000000000800a47c       0x10 a:/cube/stm32cubeide_1.9.0/stm32cubeide/plugins/com.st.stm32cube.ide.mcu.externaltools.gnu-tools-for-stm32.10.3-2021.10.win32_1.0.0.202111181127/tools/bin/../lib/gcc/arm-none-eabi/10.3.1/../../../../arm-none-eabi/lib/thumb/v7e-m+fp/hard\libc_nano.a(lib_a-signal.o)
                0x000000000800a47c                raise
 .text._kill_r  0x000000000800a48c       0x24 a:/cube/stm32cubeide_1.9.0/stm32cubeide/plugins/com.st.stm32cube.ide.mcu.externaltools.gnu-tools-for-stm32.10.3-2021.10.win32_1.0.0.202111181127/tools/bin/../lib/gcc/arm-none-eabi/10.3.1/../../../../arm-none-eabi/lib/thumb/v7e-m+fp/hard\libc_nano.a(lib_a-signalr.o)
                0x000000000800a48c                _kill_r
 .text._getpid_r
                0x000000000800a4b0        0x4 a:/cube/stm32cubeide_1.9.0/stm32cubeide/plugins/com.st.stm32cube.ide.mcu.externaltools.gnu-tools-for-stm32.10.3-2021.10.win32_1.0.0.202111181127/tools/bin/../lib/gcc/arm-none-eabi/10.3.1/../../../../arm-none-eabi/lib/thumb/v7e-m+fp/hard\libc_nano.a(lib_a-signalr.o)
                0x000000000800a4b0                _getpid_r
 *(.glue_7)
 .glue_7        0x000000000800a4b4        0x0 linker stubs
 *(.glue_7t)
 .glue_7t       0x000000000800a4b4        0x0 linker stubs
 *(.eh_frame)
 .eh_frame      0x000000000800a4b4        0x0 a:/cube/stm32cubeide_1.9.0/stm32cubeide/plugins/com.st.stm32cube.ide.mcu.externaltools.gnu-tools-for-stm32.10.3-2021.10.win32_1.0.0.202111181127/tools/bin/../lib/gcc/arm-none-eabi/10.3.1/thumb/v7e-m+fp/hard/crtbegin.o
 *(.init)
 .init          0x000000000800a4b4        0x4 a:/cube/stm32cubeide_1.9.0/stm32cubeide/plugins/com.st.stm32cube.ide.mcu.externaltools.gnu-tools-for-stm32.10.3-2021.10.win32_1.0.0.202111181127/tools/bin/../lib/gcc/arm-none-eabi/10.3.1/thumb/v7e-m+fp/hard/crti.o
                0x000000000800a4b4                _init
 .init          0x000000000800a4b8        0x8 a:/cube/stm32cubeide_1.9.0/stm32cubeide/plugins/com.st.stm32cube.ide.mcu.externaltools.gnu-tools-for-stm32.10.3-2021.10.win32_1.0.0.202111181127/tools/bin/../lib/gcc/arm-none-eabi/10.3.1/thumb/v7e-m+fp/hard/crtn.o
 *(.fini)
 .fini          0x000000000800a4c0        0x4 a:/cube/stm32cubeide_1.9.0/stm32cubeide/plugins/com.st.stm32cube.ide.mcu.externaltools.gnu-tools-for-stm32.10.3-2021.10.win32_1.0.0.202111181127/tools/bin/../lib/gcc/arm-none-eabi/10.3.1/thumb/v7e-m+fp/hard/crti.o
                0x000000000800a4c0                _fini
 .fini          0x000000000800a4c4        0x8 a:/cube/stm32cubeide_1.9.0/stm32cubeide/plugins/com.st.stm32cube.ide.mcu.externaltools.gnu-tools-for-stm32.10.3-2021.10.win32_1.0.0.202111181127/tools/bin/../lib/gcc/arm-none-eabi/10.3.1/thumb/v7e-m+fp/hard/crtn.o
                0x000000000800a4cc                . = ALIGN (0x4)
                0x000000000800a4cc                _etext = .

.vfp11_veneer   0x000000000800a4cc        0x0
 .vfp11_veneer  0x000000000800a4cc        0x0 linker stubs

.v4_bx          0x000000000800a4cc        0x0
 .v4_bx         0x000000000800a4cc        0x0 linker stubs

.iplt           0x000000000800a4cc        0x0
 .iplt          0x000000000800a4cc        0x0 a:/cube/stm32cubeide_1.9.0/stm32cubeide/plugins/com.st.stm32cube.ide.mcu.externaltools.gnu-tools-for-stm32.10.3-2021.10.win32_1.0.0.202111181127/tools/bin/../lib/gcc/arm-none-eabi/10.3.1/thumb/v7e-m+fp/hard/crtbegin.o

.rodata         0x000000000800a4d0     0x199c
                0x000000000800a4d0                . = ALIGN (0x4)
 *(.rodata)
 .rodata        0x000000000800a4d0       0xca ./Core/Inc/GUI_Paint.o
 *fill*         0x000000000800a59a        0x2 
 .rodata        0x000000000800a59c      0x194 ./Core/Inc/LCD_Routines.o
 *(.rodata*)
 .rodata.Font12_Table
                0x000000000800a730      0x474 ./Core/Inc/Fonts/font12.o
                0x000000000800a730                Font12_Table
 .rodata.Font16_Table
                0x000000000800aba4      0xbe0 ./Core/Inc/Fonts/font16.o
                0x000000000800aba4                Font16_Table
 .rodata.Font8_Table
                0x000000000800b784      0x2f8 ./Core/Inc/Fonts/font8.o
                0x000000000800b784                Font8_Table
 .rodata.AHBPrescTable
                0x000000000800ba7c       0x10 ./Core/Src/system_stm32f4xx.o
                0x000000000800ba7c                AHBPrescTable
 .rodata.APBPrescTable
                0x000000000800ba8c        0x8 ./Core/Src/system_stm32f4xx.o
                0x000000000800ba8c                APBPrescTable
 .rodata._global_impure_ptr
                0x000000000800ba94        0x4 a:/cube/stm32cubeide_1.9.0/stm32cubeide/plugins/com.st.stm32cube.ide.mcu.externaltools.gnu-tools-for-stm32.10.3-2021.10.win32_1.0.0.202111181127/tools/bin/../lib/gcc/arm-none-eabi/10.3.1/../../../../arm-none-eabi/lib/thumb/v7e-m+fp/hard\libc_nano.a(lib_a-impure.o)
                0x000000000800ba94                _global_impure_ptr
 .rodata._printf_float.str1.1
                0x000000000800ba98       0x12 a:/cube/stm32cubeide_1.9.0/stm32cubeide/plugins/com.st.stm32cube.ide.mcu.externaltools.gnu-tools-for-stm32.10.3-2021.10.win32_1.0.0.202111181127/tools/bin/../lib/gcc/arm-none-eabi/10.3.1/../../../../arm-none-eabi/lib/thumb/v7e-m+fp/hard\libc_nano.a(lib_a-nano-vfprintf_float.o)
 .rodata._printf_i.str1.1
                0x000000000800baaa       0x22 a:/cube/stm32cubeide_1.9.0/stm32cubeide/plugins/com.st.stm32cube.ide.mcu.externaltools.gnu-tools-for-stm32.10.3-2021.10.win32_1.0.0.202111181127/tools/bin/../lib/gcc/arm-none-eabi/10.3.1/../../../../arm-none-eabi/lib/thumb/v7e-m+fp/hard\libc_nano.a(lib_a-nano-vfprintf_i.o)
 .rodata._dtoa_r.str1.1
                0x000000000800bacc       0x90 a:/cube/stm32cubeide_1.9.0/stm32cubeide/plugins/com.st.stm32cube.ide.mcu.externaltools.gnu-tools-for-stm32.10.3-2021.10.win32_1.0.0.202111181127/tools/bin/../lib/gcc/arm-none-eabi/10.3.1/../../../../arm-none-eabi/lib/thumb/v7e-m+fp/hard\libc_nano.a(lib_a-dtoa.o)
                                         0x92 (size before relaxing)
 .rodata.__sf_fake_stderr
                0x000000000800bb5c       0x20 a:/cube/stm32cubeide_1.9.0/stm32cubeide/plugins/com.st.stm32cube.ide.mcu.externaltools.gnu-tools-for-stm32.10.3-2021.10.win32_1.0.0.202111181127/tools/bin/../lib/gcc/arm-none-eabi/10.3.1/../../../../arm-none-eabi/lib/thumb/v7e-m+fp/hard\libc_nano.a(lib_a-findfp.o)
                0x000000000800bb5c                __sf_fake_stderr
 .rodata.__sf_fake_stdin
                0x000000000800bb7c       0x20 a:/cube/stm32cubeide_1.9.0/stm32cubeide/plugins/com.st.stm32cube.ide.mcu.externaltools.gnu-tools-for-stm32.10.3-2021.10.win32_1.0.0.202111181127/tools/bin/../lib/gcc/arm-none-eabi/10.3.1/../../../../arm-none-eabi/lib/thumb/v7e-m+fp/hard\libc_nano.a(lib_a-findfp.o)
                0x000000000800bb7c                __sf_fake_stdin
 .rodata.__sf_fake_stdout
                0x000000000800bb9c       0x20 a:/cube/stm32cubeide_1.9.0/stm32cubeide/plugins/com.st.stm32cube.ide.mcu.externaltools.gnu-tools-for-stm32.10.3-2021.10.win32_1.0.0.202111181127/tools/bin/../lib/gcc/arm-none-eabi/10.3.1/../../../../arm-none-eabi/lib/thumb/v7e-m+fp/hard\libc_nano.a(lib_a-findfp.o)
                0x000000000800bb9c                __sf_fake_stdout
 .rodata._Balloc.str1.1
                0x000000000800bbbc       0x5c a:/cube/stm32cubeide_1.9.0/stm32cubeide/plugins/com.st.stm32cube.ide.mcu.externaltools.gnu-tools-for-stm32.10.3-2021.10.win32_1.0.0.202111181127/tools/bin/../lib/gcc/arm-none-eabi/10.3.1/../../../../arm-none-eabi/lib/thumb/v7e-m+fp/hard\libc_nano.a(lib_a-mprec.o)
                                         0x73 (size before relaxing)
 .rodata.__multadd.str1.1
                0x000000000800bc18       0x11 a:/cube/stm32cubeide_1.9.0/stm32cubeide/plugins/com.st.stm32cube.ide.mcu.externaltools.gnu-tools-for-stm32.10.3-2021.10.win32_1.0.0.202111181127/tools/bin/../lib/gcc/arm-none-eabi/10.3.1/../../../../arm-none-eabi/lib/thumb/v7e-m+fp/hard\libc_nano.a(lib_a-mprec.o)
 .rodata.__mprec_bigtens
                0x000000000800bc18       0x28 a:/cube/stm32cubeide_1.9.0/stm32cubeide/plugins/com.st.stm32cube.ide.mcu.externaltools.gnu-tools-for-stm32.10.3-2021.10.win32_1.0.0.202111181127/tools/bin/../lib/gcc/arm-none-eabi/10.3.1/../../../../arm-none-eabi/lib/thumb/v7e-m+fp/hard\libc_nano.a(lib_a-mprec.o)
                0x000000000800bc18                __mprec_bigtens
 .rodata.__mprec_tens
                0x000000000800bc40       0xc8 a:/cube/stm32cubeide_1.9.0/stm32cubeide/plugins/com.st.stm32cube.ide.mcu.externaltools.gnu-tools-for-stm32.10.3-2021.10.win32_1.0.0.202111181127/tools/bin/../lib/gcc/arm-none-eabi/10.3.1/../../../../arm-none-eabi/lib/thumb/v7e-m+fp/hard\libc_nano.a(lib_a-mprec.o)
                0x000000000800bc40                __mprec_tens
 .rodata.p05.0  0x000000000800bd08        0xc a:/cube/stm32cubeide_1.9.0/stm32cubeide/plugins/com.st.stm32cube.ide.mcu.externaltools.gnu-tools-for-stm32.10.3-2021.10.win32_1.0.0.202111181127/tools/bin/../lib/gcc/arm-none-eabi/10.3.1/../../../../arm-none-eabi/lib/thumb/v7e-m+fp/hard\libc_nano.a(lib_a-mprec.o)
 .rodata._svfprintf_r.str1.1
                0x000000000800bd14       0x11 a:/cube/stm32cubeide_1.9.0/stm32cubeide/plugins/com.st.stm32cube.ide.mcu.externaltools.gnu-tools-for-stm32.10.3-2021.10.win32_1.0.0.202111181127/tools/bin/../lib/gcc/arm-none-eabi/10.3.1/../../../../arm-none-eabi/lib/thumb/v7e-m+fp/hard\libc_nano.a(lib_a-nano-svfprintf.o)
 .rodata._vfprintf_r.str1.1
                0x000000000800bd25       0x11 a:/cube/stm32cubeide_1.9.0/stm32cubeide/plugins/com.st.stm32cube.ide.mcu.externaltools.gnu-tools-for-stm32.10.3-2021.10.win32_1.0.0.202111181127/tools/bin/../lib/gcc/arm-none-eabi/10.3.1/../../../../arm-none-eabi/lib/thumb/v7e-m+fp/hard\libc_nano.a(lib_a-nano-vfprintf.o)
 .rodata.__assert_func.str1.1
                0x000000000800bd25       0x3c a:/cube/stm32cubeide_1.9.0/stm32cubeide/plugins/com.st.stm32cube.ide.mcu.externaltools.gnu-tools-for-stm32.10.3-2021.10.win32_1.0.0.202111181127/tools/bin/../lib/gcc/arm-none-eabi/10.3.1/../../../../arm-none-eabi/lib/thumb/v7e-m+fp/hard\libc_nano.a(lib_a-assert.o)
                                         0x3d (size before relaxing)
 .rodata._setlocale_r.str1.1
                0x000000000800bd61        0x8 a:/cube/stm32cubeide_1.9.0/stm32cubeide/plugins/com.st.stm32cube.ide.mcu.externaltools.gnu-tools-for-stm32.10.3-2021.10.win32_1.0.0.202111181127/tools/bin/../lib/gcc/arm-none-eabi/10.3.1/../../../../arm-none-eabi/lib/thumb/v7e-m+fp/hard\libc_nano.a(lib_a-locale.o)
                                          0x9 (size before relaxing)
 .rodata.str1.1
                0x000000000800bd69        0x2 a:/cube/stm32cubeide_1.9.0/stm32cubeide/plugins/com.st.stm32cube.ide.mcu.externaltools.gnu-tools-for-stm32.10.3-2021.10.win32_1.0.0.202111181127/tools/bin/../lib/gcc/arm-none-eabi/10.3.1/../../../../arm-none-eabi/lib/thumb/v7e-m+fp/hard\libc_nano.a(lib_a-locale.o)
 .rodata._ctype_
                0x000000000800bd6b      0x101 a:/cube/stm32cubeide_1.9.0/stm32cubeide/plugins/com.st.stm32cube.ide.mcu.externaltools.gnu-tools-for-stm32.10.3-2021.10.win32_1.0.0.202111181127/tools/bin/../lib/gcc/arm-none-eabi/10.3.1/../../../../arm-none-eabi/lib/thumb/v7e-m+fp/hard\libc_nano.a(lib_a-ctype_.o)
                0x000000000800bd6b                _ctype_
                0x000000000800be6c                . = ALIGN (0x4)

.ARM.extab      0x000000000800be6c        0x0
                0x000000000800be6c                . = ALIGN (0x4)
 *(.ARM.extab* .gnu.linkonce.armextab.*)
                0x000000000800be6c                . = ALIGN (0x4)

.ARM            0x000000000800be6c        0x8
                0x000000000800be6c                . = ALIGN (0x4)
                0x000000000800be6c                __exidx_start = .
 *(.ARM.exidx*)
 .ARM.exidx     0x000000000800be6c        0x8 a:/cube/stm32cubeide_1.9.0/stm32cubeide/plugins/com.st.stm32cube.ide.mcu.externaltools.gnu-tools-for-stm32.10.3-2021.10.win32_1.0.0.202111181127/tools/bin/../lib/gcc/arm-none-eabi/10.3.1/thumb/v7e-m+fp/hard\libgcc.a(_udivmoddi4.o)
                0x000000000800be74                __exidx_end = .
                0x000000000800be74                . = ALIGN (0x4)

.rel.dyn        0x000000000800be74        0x0
 .rel.iplt      0x000000000800be74        0x0 a:/cube/stm32cubeide_1.9.0/stm32cubeide/plugins/com.st.stm32cube.ide.mcu.externaltools.gnu-tools-for-stm32.10.3-2021.10.win32_1.0.0.202111181127/tools/bin/../lib/gcc/arm-none-eabi/10.3.1/thumb/v7e-m+fp/hard/crtbegin.o

.preinit_array  0x000000000800be74        0x0
                0x000000000800be74                . = ALIGN (0x4)
                0x000000000800be74                PROVIDE (__preinit_array_start = .)
 *(.preinit_array*)
                0x000000000800be74                PROVIDE (__preinit_array_end = .)
                0x000000000800be74                . = ALIGN (0x4)

.init_array     0x000000000800be74        0x4
                0x000000000800be74                . = ALIGN (0x4)
                0x000000000800be74                PROVIDE (__init_array_start = .)
 *(SORT_BY_NAME(.init_array.*))
 *(.init_array*)
 .init_array    0x000000000800be74        0x4 a:/cube/stm32cubeide_1.9.0/stm32cubeide/plugins/com.st.stm32cube.ide.mcu.externaltools.gnu-tools-for-stm32.10.3-2021.10.win32_1.0.0.202111181127/tools/bin/../lib/gcc/arm-none-eabi/10.3.1/thumb/v7e-m+fp/hard/crtbegin.o
                0x000000000800be78                PROVIDE (__init_array_end = .)
                0x000000000800be78                . = ALIGN (0x4)

.fini_array     0x000000000800be78        0x4
                0x000000000800be78                . = ALIGN (0x4)
                [!provide]                        PROVIDE (__fini_array_start = .)
 *(SORT_BY_NAME(.fini_array.*))
 *(.fini_array*)
 .fini_array    0x000000000800be78        0x4 a:/cube/stm32cubeide_1.9.0/stm32cubeide/plugins/com.st.stm32cube.ide.mcu.externaltools.gnu-tools-for-stm32.10.3-2021.10.win32_1.0.0.202111181127/tools/bin/../lib/gcc/arm-none-eabi/10.3.1/thumb/v7e-m+fp/hard/crtbegin.o
                [!provide]                        PROVIDE (__fini_array_end = .)
                0x000000000800be7c                . = ALIGN (0x4)
                0x000000000800be7c                _sidata = LOADADDR (.data)

.data           0x0000000020000000      0x290 load address 0x000000000800be7c
                0x0000000020000000                . = ALIGN (0x4)
                0x0000000020000000                _sdata = .
 *(.data)
 *(.data*)
 .data.X_POS    0x0000000020000000        0x1 ./Core/Inc/LCD_Routines.o
                0x0000000020000000                X_POS
 *fill*         0x0000000020000001        0x3 
 .data.amb_tmp_BUFFER
                0x0000000020000004        0x7 ./Core/Inc/LCD_Routines.o
                0x0000000020000004                amb_tmp_BUFFER
 *fill*         0x000000002000000b        0x1 
 .data.plt_tmp_BUFFER
                0x000000002000000c        0x7 ./Core/Inc/LCD_Routines.o
                0x000000002000000c                plt_tmp_BUFFER
 *fill*         0x0000000020000013        0x1 
 .data.set_refl_temp_BUFFER
                0x0000000020000014        0x7 ./Core/Inc/LCD_Routines.o
                0x0000000020000014                set_refl_temp_BUFFER
 *fill*         0x000000002000001b        0x1 
 .data.set_refl_time_BUFFER
                0x000000002000001c        0x7 ./Core/Inc/LCD_Routines.o
                0x000000002000001c                set_refl_time_BUFFER
 *fill*         0x0000000020000023        0x1 
 .data.set_preh_temp_BUFFER
                0x0000000020000024        0x7 ./Core/Inc/LCD_Routines.o
                0x0000000020000024                set_preh_temp_BUFFER
 *fill*         0x000000002000002b        0x1 
 .data.set_preh_time_BUFFER
                0x000000002000002c        0x7 ./Core/Inc/LCD_Routines.o
                0x000000002000002c                set_preh_time_BUFFER
 *fill*         0x0000000020000033        0x1 
 .data.Font12   0x0000000020000034        0x8 ./Core/Inc/Fonts/font12.o
                0x0000000020000034                Font12
 .data.Font16   0x000000002000003c        0x8 ./Core/Inc/Fonts/font16.o
                0x000000002000003c                Font16
 .data.Font8    0x0000000020000044        0x8 ./Core/Inc/Fonts/font8.o
                0x0000000020000044                Font8
 .data.user_temp
                0x000000002000004c        0x4 ./Core/Src/main.o
                0x000000002000004c                user_temp
 .data.user_preheat_temp
                0x0000000020000050        0x4 ./Core/Src/main.o
                0x0000000020000050                user_preheat_temp
 .data.user_preheat_time
                0x0000000020000054        0x4 ./Core/Src/main.o
                0x0000000020000054                user_preheat_time
 .data.user_reflow_time
                0x0000000020000058        0x4 ./Core/Src/main.o
                0x0000000020000058                user_reflow_time
 .data.fan      0x000000002000005c       0x2c ./Core/Src/main.o
                0x000000002000005c                fan
 .data.hotplate
                0x0000000020000088       0x2c ./Core/Src/main.o
                0x0000000020000088                hotplate
 .data.SystemCoreClock
                0x00000000200000b4        0x4 ./Core/Src/system_stm32f4xx.o
                0x00000000200000b4                SystemCoreClock
 .data.uwTickPrio
                0x00000000200000b8        0x4 ./Drivers/STM32F4xx_HAL_Driver/Src/stm32f4xx_hal.o
                0x00000000200000b8                uwTickPrio
 .data.uwTickFreq
                0x00000000200000bc        0x1 ./Drivers/STM32F4xx_HAL_Driver/Src/stm32f4xx_hal.o
                0x00000000200000bc                uwTickFreq
 *fill*         0x00000000200000bd        0x3 
 .data._impure_ptr
                0x00000000200000c0        0x4 a:/cube/stm32cubeide_1.9.0/stm32cubeide/plugins/com.st.stm32cube.ide.mcu.externaltools.gnu-tools-for-stm32.10.3-2021.10.win32_1.0.0.202111181127/tools/bin/../lib/gcc/arm-none-eabi/10.3.1/../../../../arm-none-eabi/lib/thumb/v7e-m+fp/hard\libc_nano.a(lib_a-impure.o)
                0x00000000200000c0                _impure_ptr
 .data.impure_data
                0x00000000200000c4       0x60 a:/cube/stm32cubeide_1.9.0/stm32cubeide/plugins/com.st.stm32cube.ide.mcu.externaltools.gnu-tools-for-stm32.10.3-2021.10.win32_1.0.0.202111181127/tools/bin/../lib/gcc/arm-none-eabi/10.3.1/../../../../arm-none-eabi/lib/thumb/v7e-m+fp/hard\libc_nano.a(lib_a-impure.o)
 .data.__global_locale
                0x0000000020000124      0x16c a:/cube/stm32cubeide_1.9.0/stm32cubeide/plugins/com.st.stm32cube.ide.mcu.externaltools.gnu-tools-for-stm32.10.3-2021.10.win32_1.0.0.202111181127/tools/bin/../lib/gcc/arm-none-eabi/10.3.1/../../../../arm-none-eabi/lib/thumb/v7e-m+fp/hard\libc_nano.a(lib_a-locale.o)
                0x0000000020000124                __global_locale
 *(.RamFunc)
 *(.RamFunc*)
                0x0000000020000290                . = ALIGN (0x4)
                0x0000000020000290                _edata = .

.igot.plt       0x0000000020000290        0x0 load address 0x000000000800c10c
 .igot.plt      0x0000000020000290        0x0 a:/cube/stm32cubeide_1.9.0/stm32cubeide/plugins/com.st.stm32cube.ide.mcu.externaltools.gnu-tools-for-stm32.10.3-2021.10.win32_1.0.0.202111181127/tools/bin/../lib/gcc/arm-none-eabi/10.3.1/thumb/v7e-m+fp/hard/crtbegin.o
                0x0000000020000290                . = ALIGN (0x4)

.bss            0x0000000020000290      0x2b0 load address 0x000000000800c10c
                0x0000000020000290                _sbss = .
                0x0000000020000290                __bss_start__ = _sbss
 *(.bss)
 .bss           0x0000000020000290       0x1c a:/cube/stm32cubeide_1.9.0/stm32cubeide/plugins/com.st.stm32cube.ide.mcu.externaltools.gnu-tools-for-stm32.10.3-2021.10.win32_1.0.0.202111181127/tools/bin/../lib/gcc/arm-none-eabi/10.3.1/thumb/v7e-m+fp/hard/crtbegin.o
 *(.bss*)
 .bss.Paint     0x00000000200002ac       0x18 ./Core/Inc/GUI_Paint.o
                0x00000000200002ac                Paint
 .bss.DISPLAY   0x00000000200002c4        0x4 ./Core/Inc/GUI_Paint.o
                0x00000000200002c4                DISPLAY
 .bss.CLEAR     0x00000000200002c8        0x4 ./Core/Inc/GUI_Paint.o
                0x00000000200002c8                CLEAR
 .bss.sLCD_1IN8_DIS
                0x00000000200002cc        0xa ./Core/Inc/LCD_1in8.o
                0x00000000200002cc                sLCD_1IN8_DIS
 .bss.PREV_STATE
                0x00000000200002d6        0x1 ./Core/Inc/LCD_Routines.o
                0x00000000200002d6                PREV_STATE
 *fill*         0x00000000200002d7        0x1 
 .bss.LCD_data  0x00000000200002d8       0x20 ./Core/Inc/LCD_Routines.o
                0x00000000200002d8                LCD_data
 .bss.hi2c1     0x00000000200002f8       0x54 ./Core/Src/i2c.o
                0x00000000200002f8                hi2c1
 .bss.measured_amb_temp
                0x000000002000034c        0x4 ./Core/Src/main.o
                0x000000002000034c                measured_amb_temp
 .bss.measured_hotplate_temp
                0x0000000020000350        0x4 ./Core/Src/main.o
                0x0000000020000350                measured_hotplate_temp
 .bss.STATE     0x0000000020000354        0x4 ./Core/Src/main.o
                0x0000000020000354                STATE
 .bss.set_user_temp_flag
                0x0000000020000358        0x4 ./Core/Src/main.o
                0x0000000020000358                set_user_temp_flag
 .bss.hspi1     0x000000002000035c       0x58 ./Core/Src/spi.o
                0x000000002000035c                hspi1
 .bss.tick_counter
                0x00000000200003b4        0x4 ./Core/Src/stm32f4xx_it.o
                0x00000000200003b4                tick_counter
 .bss.heat_time
                0x00000000200003b8        0x4 ./Core/Src/stm32f4xx_it.o
                0x00000000200003b8                heat_time
 .bss.heat_complete
                0x00000000200003bc        0x4 ./Core/Src/stm32f4xx_it.o
                0x00000000200003bc                heat_complete
 .bss.__sbrk_heap_end
                0x00000000200003c0        0x4 ./Core/Src/sysmem.o
 .bss.htim1     0x00000000200003c4       0x48 ./Core/Src/tim.o