../Drivers/STM32F4xx_HAL_Driver/Src/stm32f4xx_hal_lptim.c:220:19:HAL_LPTIM_Init	24	static
../Drivers/STM32F4xx_HAL_Driver/Src/stm32f4xx_hal_lptim.c:341:19:HAL_LPTIM_DeInit	16	static
../Drivers/STM32F4xx_HAL_Driver/Src/stm32f4xx_hal_lptim.c:388:13:HAL_LPTIM_MspInit	16	static
../Drivers/STM32F4xx_HAL_Driver/Src/stm32f4xx_hal_lptim.c:403:13:HAL_LPTIM_MspDeInit	16	static
../Drivers/STM32F4xx_HAL_Driver/Src/stm32f4xx_hal_lptim.c:452:19:HAL_LPTIM_PWM_Start	24	static
../Drivers/STM32F4xx_HAL_Driver/Src/stm32f4xx_hal_lptim.c:507:19:HAL_LPTIM_PWM_Stop	16	static
../Drivers/STM32F4xx_HAL_Driver/Src/stm32f4xx_hal_lptim.c:539:19:HAL_LPTIM_PWM_Start_IT	24	static
../Drivers/STM32F4xx_HAL_Driver/Src/stm32f4xx_hal_lptim.c:624:19:HAL_LPTIM_PWM_Stop_IT	16	static
../Drivers/STM32F4xx_HAL_Driver/Src/stm32f4xx_hal_lptim.c:675:19:HAL_LPTIM_OnePulse_Start	24	static
../Drivers/STM32F4xx_HAL_Driver/Src/stm32f4xx_hal_lptim.c:730:19:HAL_LPTIM_OnePulse_Stop	16	static
../Drivers/STM32F4xx_HAL_Driver/Src/stm32f4xx_hal_lptim.c:762:19:HAL_LPTIM_OnePulse_Start_IT	24	static
../Drivers/STM32F4xx_HAL_Driver/Src/stm32f4xx_hal_lptim.c:847:19:HAL_LPTIM_OnePulse_Stop_IT	16	static
../Drivers/STM32F4xx_HAL_Driver/Src/stm32f4xx_hal_lptim.c:899:19:HAL_LPTIM_SetOnce_Start	24	static
../Drivers/STM32F4xx_HAL_Driver/Src/stm32f4xx_hal_lptim.c:954:19:HAL_LPTIM_SetOnce_Stop	16	static
../Drivers/STM32F4xx_HAL_Driver/Src/stm32f4xx_hal_lptim.c:986:19:HAL_LPTIM_SetOnce_Start_IT	24	static
../Drivers/STM32F4xx_HAL_Driver/Src/stm32f4xx_hal_lptim.c:1071:19:HAL_LPTIM_SetOnce_Stop_IT	16	static
../Drivers/STM32F4xx_HAL_Driver/Src/stm32f4xx_hal_lptim.c:1120:19:HAL_LPTIM_Encoder_Start	24	static
../Drivers/STM32F4xx_HAL_Driver/Src/stm32f4xx_hal_lptim.c:1179:19:HAL_LPTIM_Encoder_Stop	16	static
../Drivers/STM32F4xx_HAL_Driver/Src/stm32f4xx_hal_lptim.c:1212:19:HAL_LPTIM_Encoder_Start_IT	24	static
../Drivers/STM32F4xx_HAL_Driver/Src/stm32f4xx_hal_lptim.c:1289:19:HAL_LPTIM_Encoder_Stop_IT	16	static
../Drivers/STM32F4xx_HAL_Driver/Src/stm32f4xx_hal_lptim.c:1332:19:HAL_LPTIM_TimeOut_Start	24	static
../Drivers/STM32F4xx_HAL_Driver/Src/stm32f4xx_hal_lptim.c:1387:19:HAL_LPTIM_TimeOut_Stop	16	static
../Drivers/STM32F4xx_HAL_Driver/Src/stm32f4xx_hal_lptim.c:1424:19:HAL_LPTIM_TimeOut_Start_IT	24	static
../Drivers/STM32F4xx_HAL_Driver/Src/stm32f4xx_hal_lptim.c:1500:19:HAL_LPTIM_TimeOut_Stop_IT	16	static
../Drivers/STM32F4xx_HAL_Driver/Src/stm32f4xx_hal_lptim.c:1544:19:HAL_LPTIM_Counter_Start	16	static
../Drivers/STM32F4xx_HAL_Driver/Src/stm32f4xx_hal_lptim.c:1593:19:HAL_LPTIM_Counter_Stop	16	static
../Drivers/STM32F4xx_HAL_Driver/Src/stm32f4xx_hal_lptim.c:1623:19:HAL_LPTIM_Counter_Start_IT	16	static
../Drivers/STM32F4xx_HAL_Driver/Src/stm32f4xx_hal_lptim.c:1696:19:HAL_LPTIM_Counter_Stop_IT	16	static
../Drivers/STM32F4xx_HAL_Driver/Src/stm32f4xx_hal_lptim.c:1756:10:HAL_LPTIM_ReadCounter	16	static
../Drivers/STM32F4xx_HAL_Driver/Src/stm32f4xx_hal_lptim.c:1769:10:HAL_LPTIM_ReadAutoReload	16	static
../Drivers/STM32F4xx_HAL_Driver/Src/stm32f4xx_hal_lptim.c:1782:10:HAL_LPTIM_ReadCapturedValue	16	static
../Drivers/STM32F4xx_HAL_Driver/Src/stm32f4xx_hal_lptim.c:1821:6:HAL_LPTIM_IRQHandler	16	static
../Drivers/STM32F4xx_HAL_Driver/Src/stm32f4xx_hal_lptim.c:1951:13:HAL_LPTIM_CompareMatchCallback	16	static
../Drivers/STM32F4xx_HAL_Driver/Src/stm32f4xx_hal_lptim.c:1966:13:HAL_LPTIM_AutoReloadMatchCallback	16	static
../Drivers/STM32F4xx_HAL_Driver/Src/stm32f4xx_hal_lptim.c:1981:13:HAL_LPTIM_TriggerCallback	16	static
../Drivers/STM32F4xx_HAL_Driver/Src/stm32f4xx_hal_lptim.c:1996:13:HAL_LPTIM_CompareWriteCallback	16	static
../Drivers/STM32F4xx_HAL_Driver/Src/stm32f4xx_hal_lptim.c:2011:13:HAL_LPTIM_AutoReloadWriteCallback	16	static
../Drivers/STM32F4xx_HAL_Driver/Src/stm32f4xx_hal_lptim.c:2026:13:HAL_LPTIM_DirectionUpCallback	16	static
../Drivers/STM32F4xx_HAL_Driver/Src/stm32f4xx_hal_lptim.c:2041:13:HAL_LPTIM_DirectionDownCallback	16	static
../Drivers/STM32F4xx_HAL_Driver/Src/stm32f4xx_hal_lptim.c:2295:24:HAL_LPTIM_GetState	16	static
../Drivers/STM32F4xx_HAL_Driver/Src/stm32f4xx_hal_lptim.c:2342:26:LPTIM_WaitForFlag	24	static
../Drivers/STM32F4xx_HAL_Driver/Src/stm32f4xx_hal_lptim.c:2367:6:LPTIM_Disable	56	static,ignoring_inline_asm
