../Core/Src/stm32f4xx_it.c:56:6:start_preheat	8	static
../Core/Src/stm32f4xx_it.c:63:6:start_reflow	8	static
../Core/Src/stm32f4xx_it.c:71:5:preheat_status	4	static
../Core/Src/stm32f4xx_it.c:75:5:reflow_status	4	static
../Core/Src/stm32f4xx_it.c:79:5:get_ticks	4	static
../Core/Src/stm32f4xx_it.c:106:6:NMI_Handler	4	static
../Core/Src/stm32f4xx_it.c:121:6:HardFault_Handler	4	static
../Core/Src/stm32f4xx_it.c:136:6:MemManage_Handler	4	static
../Core/Src/stm32f4xx_it.c:151:6:BusFault_Handler	4	static
../Core/Src/stm32f4xx_it.c:166:6:UsageFault_Handler	4	static
../Core/Src/stm32f4xx_it.c:181:6:SVC_Handler	4	static
../Core/Src/stm32f4xx_it.c:194:6:DebugMon_Handler	4	static
../Core/Src/stm32f4xx_it.c:207:6:PendSV_Handler	4	static
../Core/Src/stm32f4xx_it.c:220:6:SysTick_Handler	8	static
../Core/Src/stm32f4xx_it.c:241:6:TIM1_BRK_TIM9_IRQHandler	8	static
../Core/Src/stm32f4xx_it.c:256:6:EXTI15_10_IRQHandler	8	static
../Core/Src/stm32f4xx_it.c:347:6:TIM5_IRQHandler	8	static
