../Core/Inc/LCD_Routines.c:34:6:LCD_updt_temps	16	static
../Core/Inc/LCD_Routines.c:42:6:LCD_usr_inputs	24	static
../Core/Inc/LCD_Routines.c:55:6:LCD_set_flags	16	static
../Core/Inc/LCD_Routines.c:62:6:LCD_init	8	static
../Core/Inc/LCD_Routines.c:92:9:LCD_Format	32	static
../Core/Inc/LCD_Routines.c:140:6:LCD_Refresh	24	static
../Core/Inc/LCD_Routines.c:209:6:LCD_Clear_Plot	24	static
../Core/Inc/LCD_Routines.c:228:6:LCD_Set_State	32	static
../Core/Inc/LCD_Routines.c:318:6:Custom_LCD_test	40	static
