../Core/Inc/LCD_Routines.c:33:6:LCD_updt_temps	16	static
../Core/Inc/LCD_Routines.c:41:6:LCD_usr_inputs	24	static
../Core/Inc/LCD_Routines.c:54:6:LCD_set_flags	16	static
../Core/Inc/LCD_Routines.c:61:6:LCD_init	8	static
../Core/Inc/LCD_Routines.c:91:9:LCD_Format	32	static
../Core/Inc/LCD_Routines.c:139:6:LCD_Refresh	24	static
../Core/Inc/LCD_Routines.c:205:6:LCD_Clear_Plot	24	static
../Core/Inc/LCD_Routines.c:224:6:LCD_Set_State	32	static
../Core/Inc/LCD_Routines.c:313:6:Custom_LCD_test	40	static
